ASxxxx Linker V03.00/V05.40 + sdld,  page 1.
Hexadecimal  [32-Bits]

Area                                    Addr        Size        Decimal Bytes (Attributes)
--------------------------------        ----        ----        ------- ----- ------------
CABS                                00000000    00000000 =           0. bytes (ABS,CON,CODE)

      Value  Global                              Global Defined In Module
      -----  --------------------------------   ------------------------
C:   00000000  l_BIT_BANK                      
C:   00000000  l_CABS                          
C:   00000000  l_CONST                         
C:   00000000  l_GSINIT1                       
C:   00000000  l_GSINIT5                       
C:   00000000  l_IABS                          
C:   00000000  l_ISEG                          
C:   00000000  l_OSEG                          
C:   00000000  l_PSEG                          
C:   00000000  l_REG_BANK_2                    
C:   00000000  l_REG_BANK_3                    
C:   00000000  l_RSEG                          
C:   00000000  l_RSEG0                         
C:   00000000  l_RSEG1                         
C:   00000000  l_XABS                          
C:   00000000  l_XINIT                         
C:   00000000  l_XISEG                         
C:   00000000  l_XSEG                          
C:   00000000  l__CODE                         
C:   00000000  s_BSEG                          
C:   00000000  s_CABS                          
C:   00000000  s_DSEG                          
C:   00000000  s_HOME                          
C:   00000000  s_IABS                          
C:   00000000  s_ISEG                          
C:   00000000  s_REG_BANK_0                    
C:   00000000  s_RSEG                          
C:   00000000  s_RSEG0                         
C:   00000000  s_RSEG1                         
C:   00000000  s_XABS                          
C:   00000001  l_BSEG                          
C:   00000001  l_BSEG_BYTES                    
C:   00000001  s_PSEG                          
C:   00000001  s_XISEG                         
C:   00000001  s_XSEG                          
C:   00000003  l_GSFINAL                       
C:   00000003  l_GSINIT0                       
C:   00000008  l_REG_BANK_0                    
C:   00000008  l_REG_BANK_1                    
C:   00000008  s_REG_BANK_1                    
C:   0000000A  l_GSINIT2                       
C:   0000000D  l_GSINIT                        
C:   00000010  s_REG_BANK_2                    
C:   00000018  s_BIT_BANK                      
C:   00000018  s_OSEG                          
C:   00000018  s_REG_BANK_3                    
C:   00000020  s_BSEG_BYTES                    
C:   00000020  s__CODE                         
C:   00000021  s_SSEG                          
C:   00000022  l_GSINIT3                       
ASxxxx Linker V03.00/V05.40 + sdld,  page 2.
Hexadecimal  [32-Bits]

Area                                    Addr        Size        Decimal Bytes (Attributes)
--------------------------------        ----        ----        ------- ----- ------------
CABS                                00000000    00000000 =           0. bytes (ABS,CON,CODE)

      Value  Global                              Global Defined In Module
      -----  --------------------------------   ------------------------
C:   0000002A  l_GSINIT4                       
C:   00000054  l_HOME                          
C:   00000054  s_GSINIT0                       
C:   00000057  s_GSINIT1                       
C:   00000057  s_GSINIT2                       
C:   00000061  s_GSINIT3                       
C:   00000075  l_DSEG                          
C:   00000083  s_GSINIT4                       
C:   000000AD  s_GSINIT                        
C:   000000AD  s_GSINIT5                       
C:   000000BA  s_GSFINAL                       
C:   000000BD  s_CSEG                          
C:   000000C0  l_CSEG                          
C:   000000DF  l_SSEG                          
C:   00000100  l_IRAM                          
C:   0000017D  s_CONST                         
C:   0000017D  s_XINIT                         

ASxxxx Linker V03.00/V05.40 + sdld,  page 3.
Hexadecimal  [32-Bits]

Area                                    Addr        Size        Decimal Bytes (Attributes)
--------------------------------        ----        ----        ------- ----- ------------
.  .ABS.                            00000000    00000000 =           0. bytes (ABS,CON)

      Value  Global                              Global Defined In Module
      -----  --------------------------------   ------------------------
     00000000  .__.ABS.                           _startup
     00000080  _ADC_CHAN0                         pwm_testing
     00000080  _ADC_CTRL                          pwm_testing
     00000081  _ADC_CHAN1                         pwm_testing
     00000081  _SP                                pwm_testing
     00000082  _DPL                               pwm_testing
     00000083  _CMP_CHAN                          pwm_testing
     00000083  _DPH                               pwm_testing
     00000084  _ADC_START                         pwm_testing
     00000084  _ROM_ADDR_L                        pwm_testing
     00000085  _ADC_IF                            pwm_testing
     00000085  _ROM_ADDR_H                        pwm_testing
     00000086  _CMP_IF                            pwm_testing
     00000086  _ROM_CTRL                          pwm_testing
     00000087  _CMPO                              pwm_testing
     00000087  _PCON                              pwm_testing
     00000088  _IT0                               pwm_testing
     00000088  _TCON                              pwm_testing
     00000089  _IE0                               pwm_testing
     00000089  _TMOD                              pwm_testing
     0000008A  _IT1                               pwm_testing
     0000008A  _TL0                               pwm_testing
     0000008B  _IE1                               pwm_testing
     0000008B  _TL1                               pwm_testing
     0000008C  _TH0                               pwm_testing
     0000008C  _TR0                               pwm_testing
     0000008D  _TF0                               pwm_testing
     0000008D  _TH1                               pwm_testing
     0000008E  _ROM_DATA_L                        pwm_testing
     0000008E  _TR1                               pwm_testing
     0000008F  _ROM_DATA_H                        pwm_testing
     0000008F  _TF1                               pwm_testing
     00000090  _CAP1                              pwm_testing
     00000090  _P1                                pwm_testing
     00000090  _T2                                pwm_testing
     00000090  _TIN0                              pwm_testing
     00000091  _AIN0                              pwm_testing
     00000091  _CAP2                              pwm_testing
     00000091  _T2EX                              pwm_testing
     00000091  _TIN1                              pwm_testing
     00000091  _USB_C_CTRL                        pwm_testing
     00000091  _VBUS2                             pwm_testing
     00000092  _P1_MOD_OC                         pwm_testing
     00000092  _RXD_                              pwm_testing
     00000093  _P1_DIR_PU                         pwm_testing
     00000093  _TXD_                              pwm_testing
     00000094  _AIN1                              pwm_testing
     00000094  _CAP1_                             pwm_testing
     00000094  _SCS                               pwm_testing
     00000094  _T2_                               pwm_testing
ASxxxx Linker V03.00/V05.40 + sdld,  page 4.
Hexadecimal  [32-Bits]

Area                                    Addr        Size        Decimal Bytes (Attributes)
--------------------------------        ----        ----        ------- ----- ------------
.  .ABS.                            00000000    00000000 =           0. bytes (ABS,CON)

      Value  Global                              Global Defined In Module
      -----  --------------------------------   ------------------------
     00000094  _TIN2                              pwm_testing
     00000094  _UCC1                              pwm_testing
     00000095  _AIN2                              pwm_testing
     00000095  _MOSI                              pwm_testing
     00000095  _PWM1                              pwm_testing
     00000095  _TIN3                              pwm_testing
     00000095  _UCC2                              pwm_testing
     00000096  _MISO                              pwm_testing
     00000096  _P3_MOD_OC                         pwm_testing
     00000096  _RXD1                              pwm_testing
     00000096  _TIN4                              pwm_testing
     00000097  _P3_DIR_PU                         pwm_testing
     00000097  _SCK                               pwm_testing
     00000097  _TIN5                              pwm_testing
     00000097  _TXD1                              pwm_testing
     00000098  _RI                                pwm_testing
     00000098  _SCON                              pwm_testing
     00000099  _SBUF                              pwm_testing
     00000099  _TI                                pwm_testing
     0000009A  _ADC_CFG                           pwm_testing
     0000009A  _RB8                               pwm_testing
     0000009B  _PWM_DATA2                         pwm_testing
     0000009B  _TB8                               pwm_testing
     0000009C  _PWM_DATA1                         pwm_testing
     0000009C  _REN                               pwm_testing
     0000009D  _PWM_CTRL                          pwm_testing
     0000009D  _SM2                               pwm_testing
     0000009E  _PWM_CK_SE                         pwm_testing
     0000009E  _SM1                               pwm_testing
     0000009F  _ADC_DATA                          pwm_testing
     0000009F  _SM0                               pwm_testing
     000000A0  _P2                                pwm_testing
     000000A0  __XPAGE                            
     000000A1  _SAFE_MOD                          pwm_testing
     000000A2  _XBUS_AUX                          pwm_testing
     000000A8  _EX0                               pwm_testing
     000000A8  _IE                                pwm_testing
     000000A9  _ET0                               pwm_testing
     000000A9  _WAKE_CTRL                         pwm_testing
     000000AA  _EX1                               pwm_testing
     000000AB  _ET1                               pwm_testing
     000000AC  _ES                                pwm_testing
     000000AD  _ET2                               pwm_testing
     000000AE  _E_DIS                             pwm_testing
     000000AF  _EA                                pwm_testing
     000000B0  _P3                                pwm_testing
     000000B0  _PWM1_                             pwm_testing
     000000B0  _RXD                               pwm_testing
     000000B1  _GLOBAL_CFG                        pwm_testing
     000000B1  _PWM2_                             pwm_testing
     000000B1  _TXD                               pwm_testing
ASxxxx Linker V03.00/V05.40 + sdld,  page 5.
Hexadecimal  [32-Bits]

Area                                    Addr        Size        Decimal Bytes (Attributes)
--------------------------------        ----        ----        ------- ----- ------------
.  .ABS.                            00000000    00000000 =           0. bytes (ABS,CON)

      Value  Global                              Global Defined In Module
      -----  --------------------------------   ------------------------
     000000B2  _AIN3                              pwm_testing
     000000B2  _INT0                              pwm_testing
     000000B2  _TXD1_                             pwm_testing
     000000B2  _VBUS1                             pwm_testing
     000000B3  _INT1                              pwm_testing
     000000B4  _PWM2                              pwm_testing
     000000B4  _RXD1_                             pwm_testing
     000000B4  _T0                                pwm_testing
     000000B5  _T1                                pwm_testing
     000000B6  _UDP                               pwm_testing
     000000B7  _UDM                               pwm_testing
     000000B8  _IP                                pwm_testing
     000000B8  _PX0                               pwm_testing
     000000B9  _CLOCK_CFG                         pwm_testing
     000000B9  _PT0                               pwm_testing
     000000BA  _PX1                               pwm_testing
     000000BB  _PT1                               pwm_testing
     000000BC  _PS                                pwm_testing
     000000BD  _PT2                               pwm_testing
     000000BE  _PL_FLAG                           pwm_testing
     000000BF  _PH_FLAG                           pwm_testing
     000000C0  _SCON1                             pwm_testing
     000000C0  _U1RI                              pwm_testing
     000000C1  _SBUF1                             pwm_testing
     000000C1  _U1TI                              pwm_testing
     000000C2  _SBAUD1                            pwm_testing
     000000C2  _U1RB8                             pwm_testing
     000000C3  _TKEY_CTRL                         pwm_testing
     000000C3  _U1TB8                             pwm_testing
     000000C4  _TKEY_DATL                         pwm_testing
     000000C4  _U1REN                             pwm_testing
     000000C5  _TKEY_DATH                         pwm_testing
     000000C5  _U1SMOD                            pwm_testing
     000000C6  _PIN_FUNC                          pwm_testing
     000000C7  _GPIO_IE                           pwm_testing
     000000C7  _U1SM0                             pwm_testing
     000000C8  _CP_RL2                            pwm_testing
     000000C8  _T2CON                             pwm_testing
     000000C9  _C_T2                              pwm_testing
     000000C9  _T2MOD                             pwm_testing
     000000CA  _RCAP2L                            pwm_testing
     000000CA  _TR2                               pwm_testing
     000000CB  _EXEN2                             pwm_testing
     000000CB  _RCAP2H                            pwm_testing
     000000CC  _TCLK                              pwm_testing
     000000CC  _TL2                               pwm_testing
     000000CD  _RCLK                              pwm_testing
     000000CD  _TH2                               pwm_testing
     000000CE  _EXF2                              pwm_testing
     000000CE  _T2CAP1L                           pwm_testing
     000000CF  _CAP1F                             pwm_testing
ASxxxx Linker V03.00/V05.40 + sdld,  page 6.
Hexadecimal  [32-Bits]

Area                                    Addr        Size        Decimal Bytes (Attributes)
--------------------------------        ----        ----        ------- ----- ------------
.  .ABS.                            00000000    00000000 =           0. bytes (ABS,CON)

      Value  Global                              Global Defined In Module
      -----  --------------------------------   ------------------------
     000000CF  _T2CAP1H                           pwm_testing
     000000CF  _TF2                               pwm_testing
     000000D0  _P                                 pwm_testing
     000000D0  _PSW                               pwm_testing
     000000D1  _F1                                pwm_testing
     000000D1  _UDEV_CTRL                         pwm_testing
     000000D2  _OV                                pwm_testing
     000000D2  _UEP1_CTRL                         pwm_testing
     000000D3  _RS0                               pwm_testing
     000000D3  _UEP1_T_LEN                        pwm_testing
     000000D4  _RS1                               pwm_testing
     000000D4  _UEP2_CTRL                         pwm_testing
     000000D5  _F0                                pwm_testing
     000000D5  _UEP2_T_LEN                        pwm_testing
     000000D6  _AC                                pwm_testing
     000000D6  _UEP3_CTRL                         pwm_testing
     000000D7  _CY                                pwm_testing
     000000D7  _UEP3_T_LEN                        pwm_testing
     000000D8  _UIF_BUS_RST                       pwm_testing
     000000D8  _UIF_DETECT                        pwm_testing
     000000D8  _USB_INT_FG                        pwm_testing
     000000D9  _UIF_TRANSFER                      pwm_testing
     000000D9  _USB_INT_ST                        pwm_testing
     000000DA  _UIF_SUSPEND                       pwm_testing
     000000DA  _USB_MIS_ST                        pwm_testing
     000000DB  _UIF_HST_SOF                       pwm_testing
     000000DB  _USB_RX_LEN                        pwm_testing
     000000DC  _UEP0_CTRL                         pwm_testing
     000000DC  _UIF_FIFO_OV                       pwm_testing
     000000DD  _UEP0_T_LEN                        pwm_testing
     000000DD  _U_SIE_FREE                        pwm_testing
     000000DE  _UEP4_CTRL                         pwm_testing
     000000DE  _U_TOG_OK                          pwm_testing
     000000DF  _UEP4_T_LEN                        pwm_testing
     000000DF  _U_IS_NAK                          pwm_testing
     000000E0  _ACC                               pwm_testing
     000000E1  _USB_INT_EN                        pwm_testing
     000000E2  _USB_CTRL                          pwm_testing
     000000E3  _USB_DEV_AD                        pwm_testing
     000000E4  _UEP2_DMA_L                        pwm_testing
     000000E5  _UEP2_DMA_H                        pwm_testing
     000000E6  _UEP3_DMA_L                        pwm_testing
     000000E7  _UEP3_DMA_H                        pwm_testing
     000000E8  _IE_EX                             pwm_testing
     000000E8  _IE_SPI0                           pwm_testing
     000000E9  _IE_TKEY                           pwm_testing
     000000E9  _IP_EX                             pwm_testing
     000000EA  _IE_USB                            pwm_testing
     000000EA  _UEP4_1_MOD                        pwm_testing
     000000EB  _IE_ADC                            pwm_testing
     000000EB  _UEP2_3_MOD                        pwm_testing
ASxxxx Linker V03.00/V05.40 + sdld,  page 7.
Hexadecimal  [32-Bits]

Area                                    Addr        Size        Decimal Bytes (Attributes)
--------------------------------        ----        ----        ------- ----- ------------
.  .ABS.                            00000000    00000000 =           0. bytes (ABS,CON)

      Value  Global                              Global Defined In Module
      -----  --------------------------------   ------------------------
     000000EC  _IE_UART1                          pwm_testing
     000000EC  _UEP0_DMA_L                        pwm_testing
     000000ED  _IE_PWMX                           pwm_testing
     000000ED  _UEP0_DMA_H                        pwm_testing
     000000EE  _IE_GPIO                           pwm_testing
     000000EE  _UEP1_DMA_L                        pwm_testing
     000000EF  _IE_WDOG                           pwm_testing
     000000EF  _UEP1_DMA_H                        pwm_testing
     000000F0  _B                                 pwm_testing
     000000F8  _S0_R_FIFO                         pwm_testing
     000000F8  _SPI0_STAT                         pwm_testing
     000000F9  _SPI0_DATA                         pwm_testing
     000000FA  _S0_T_FIFO                         pwm_testing
     000000FA  _SPI0_CTRL                         pwm_testing
     000000FB  _S0_FREE                           pwm_testing
     000000FB  _SPI0_CK_SE                        pwm_testing
     000000FC  _S0_IF_BYTE                        pwm_testing
     000000FC  _SPI0_SETUP                        pwm_testing
     000000FD  _S0_IF_FIRST                       pwm_testing
     000000FE  _RESET_KEEP                        pwm_testing
     000000FE  _S0_IF_OV                          pwm_testing
     000000FF  _S0_FST_ACT                        pwm_testing
     000000FF  _WDOG_COUNT                        pwm_testing
     00008584  _ROM_ADDR                          pwm_testing
     00008F8E  _ROM_DATA                          pwm_testing
     0000C5C4  _TKEY_DAT                          pwm_testing
     0000CBCA  _RCAP2                             pwm_testing
     0000CDCC  _T2COUNT                           pwm_testing
     0000CFCE  _T2CAP1                            pwm_testing
     0000E5E4  _UEP2_DMA                          pwm_testing
     0000E7E6  _UEP3_DMA                          pwm_testing
     0000EDEC  _UEP0_DMA                          pwm_testing
     0000EFEE  _UEP1_DMA                          pwm_testing

ASxxxx Linker V03.00/V05.40 + sdld,  page 8.
Hexadecimal  [32-Bits]

Area                                    Addr        Size        Decimal Bytes (Attributes)
--------------------------------        ----        ----        ------- ----- ------------
BSEG_BYTES                          00000020    00000001 =           1. bytes (REL,CON)

      Value  Global                              Global Defined In Module
      -----  --------------------------------   ------------------------
ASxxxx Linker V03.00/V05.40 + sdld,  page 9.
Hexadecimal  [32-Bits]

Area                                    Addr        Size        Decimal Bytes (Attributes)
--------------------------------        ----        ----        ------- ----- ------------
REG_BANK_0                          00000000    00000008 =           8. bytes (REL,OVR)

      Value  Global                              Global Defined In Module
      -----  --------------------------------   ------------------------
ASxxxx Linker V03.00/V05.40 + sdld,  page 10.
Hexadecimal  [32-Bits]

Area                                    Addr        Size        Decimal Bytes (Attributes)
--------------------------------        ----        ----        ------- ----- ------------
REG_BANK_1                          00000008    00000008 =           8. bytes (REL,OVR)

      Value  Global                              Global Defined In Module
      -----  --------------------------------   ------------------------
ASxxxx Linker V03.00/V05.40 + sdld,  page 11.
Hexadecimal  [32-Bits]

Area                                    Addr        Size        Decimal Bytes (Attributes)
--------------------------------        ----        ----        ------- ----- ------------
DSEG                                00000000    00000075 =         117. bytes (REL,CON)

      Value  Global                              Global Defined In Module
      -----  --------------------------------   ------------------------
     00000010  _tick_10ms                         pwm_testing

ASxxxx Linker V03.00/V05.40 + sdld,  page 12.
Hexadecimal  [32-Bits]

Area                                    Addr        Size        Decimal Bytes (Attributes)
--------------------------------        ----        ----        ------- ----- ------------
SSEG                                00000021    000000DF =         223. bytes (REL,OVR)

      Value  Global                              Global Defined In Module
      -----  --------------------------------   ------------------------
     00000021  __start__stack                     pwm_testing

ASxxxx Linker V03.00/V05.40 + sdld,  page 13.
Hexadecimal  [32-Bits]

Area                                    Addr        Size        Decimal Bytes (Attributes)
--------------------------------        ----        ----        ------- ----- ------------
HOME                                00000000    00000054 =          84. bytes (REL,CON,CODE)

      Value  Global                              Global Defined In Module
      -----  --------------------------------   ------------------------
C:   00000010  sdcc_atomic_exchange_rollback_st   pwm_testing
C:   00000037  sdcc_atomic_exchange_gptr_impl     pwm_testing
C:   00000037  sdcc_atomic_exchange_rollback_en   pwm_testing
C:   00000047  sdcc_atomic_compare_exchange_gpt   pwm_testing
C:   00000051  __sdcc_program_startup             pwm_testing

ASxxxx Linker V03.00/V05.40 + sdld,  page 14.
Hexadecimal  [32-Bits]

Area                                    Addr        Size        Decimal Bytes (Attributes)
--------------------------------        ----        ----        ------- ----- ------------
GSINIT0                             00000054    00000003 =           3. bytes (REL,CON,CODE)

      Value  Global                              Global Defined In Module
      -----  --------------------------------   ------------------------
C:   00000054  __sdcc_gsinit_startup              

ASxxxx Linker V03.00/V05.40 + sdld,  page 15.
Hexadecimal  [32-Bits]

Area                                    Addr        Size        Decimal Bytes (Attributes)
--------------------------------        ----        ----        ------- ----- ------------
GSINIT2                             00000057    0000000A =          10. bytes (REL,CON,CODE)

      Value  Global                              Global Defined In Module
      -----  --------------------------------   ------------------------
ASxxxx Linker V03.00/V05.40 + sdld,  page 16.
Hexadecimal  [32-Bits]

Area                                    Addr        Size        Decimal Bytes (Attributes)
--------------------------------        ----        ----        ------- ----- ------------
GSINIT3                             00000061    00000022 =          34. bytes (REL,CON,CODE)

      Value  Global                              Global Defined In Module
      -----  --------------------------------   ------------------------
C:   00000061  __mcs51_genXINIT                   

ASxxxx Linker V03.00/V05.40 + sdld,  page 17.
Hexadecimal  [32-Bits]

Area                                    Addr        Size        Decimal Bytes (Attributes)
--------------------------------        ----        ----        ------- ----- ------------
GSINIT4                             00000083    0000002A =          42. bytes (REL,CON,CODE)

      Value  Global                              Global Defined In Module
      -----  --------------------------------   ------------------------
C:   00000083  __mcs51_genRAMCLEAR                
C:   00000089  __mcs51_genXRAMCLEAR               

ASxxxx Linker V03.00/V05.40 + sdld,  page 18.
Hexadecimal  [32-Bits]

Area                                    Addr        Size        Decimal Bytes (Attributes)
--------------------------------        ----        ----        ------- ----- ------------
GSINIT                              000000AD    0000000D =          13. bytes (REL,CON,CODE)

      Value  Global                              Global Defined In Module
      -----  --------------------------------   ------------------------
ASxxxx Linker V03.00/V05.40 + sdld,  page 19.
Hexadecimal  [32-Bits]

Area                                    Addr        Size        Decimal Bytes (Attributes)
--------------------------------        ----        ----        ------- ----- ------------
GSFINAL                             000000BA    00000003 =           3. bytes (REL,CON,CODE)

      Value  Global                              Global Defined In Module
      -----  --------------------------------   ------------------------
ASxxxx Linker V03.00/V05.40 + sdld,  page 20.
Hexadecimal  [32-Bits]

Area                                    Addr        Size        Decimal Bytes (Attributes)
--------------------------------        ----        ----        ------- ----- ------------
CSEG                                000000BD    000000C0 =         192. bytes (REL,CON,CODE)

      Value  Global                              Global Defined In Module
      -----  --------------------------------   ------------------------
C:   000000BD  _clock_init                        pwm_testing
C:   000000D2  _timer0_ISR                        pwm_testing
C:   000000F3  _timer0_init                       pwm_testing
C:   0000010E  _pwm_init                          pwm_testing
C:   00000124  _main                              pwm_testing
C:   00000179  ___sdcc_external_startup           _startup
ASxxxx Linker V03.00/V05.40 + sdld,  page 21.

Files Linked                              [ module(s) ]

pwm-testing.rel                           [  ]


Libraries Linked                          [ object file ]

C:\Program Files\SDCC\bin\..\lib\small/mcs51.lib
                                          [ crtclear.rel ]
C:\Program Files\SDCC\bin\..\lib\small/mcs51.lib
                                          [ crtxinit.rel ]
C:\Program Files\SDCC\bin\..\lib\small/mcs51.lib
                                          [ crtxclear.rel ]
C:\Program Files\SDCC\bin\..\lib\small/mcs51.lib
                                          [ crtpagesfr.rel ]
C:\Program Files\SDCC\bin\..\lib\small/mcs51.lib
                                          [ crtstart.rel ]
C:\Program Files\SDCC\bin\..\lib\small/libsdcc.lib
                                          [ _startup.rel ]

ASxxxx Linker V03.00/V05.40 + sdld,  page 22.

User Base Address Definitions

HOME = 0x0000
XSEG = 0x0001
PSEG = 0x0001
ISEG = 0x0000
BSEG = 0x0000

