                                      1 ;--------------------------------------------------------
                                      2 ; File Created by SDCC : free open source ISO C Compiler
                                      3 ; Version 4.5.0 #15242 (MINGW64)
                                      4 ;--------------------------------------------------------
                                      5 	.module watchdog_testing
                                      6 	
                                      7 	.optsdcc -mmcs51 --model-small
                                      8 ;--------------------------------------------------------
                                      9 ; Public variables in this module
                                     10 ;--------------------------------------------------------
                                     11 	.globl _main
                                     12 	.globl _extint1_init
                                     13 	.globl _timer0_init
                                     14 	.globl _UIF_BUS_RST
                                     15 	.globl _UIF_DETECT
                                     16 	.globl _UIF_TRANSFER
                                     17 	.globl _UIF_SUSPEND
                                     18 	.globl _UIF_HST_SOF
                                     19 	.globl _UIF_FIFO_OV
                                     20 	.globl _U_SIE_FREE
                                     21 	.globl _U_TOG_OK
                                     22 	.globl _U_IS_NAK
                                     23 	.globl _ADC_CHAN0
                                     24 	.globl _ADC_CHAN1
                                     25 	.globl _CMP_CHAN
                                     26 	.globl _ADC_START
                                     27 	.globl _ADC_IF
                                     28 	.globl _CMP_IF
                                     29 	.globl _CMPO
                                     30 	.globl _U1RI
                                     31 	.globl _U1TI
                                     32 	.globl _U1RB8
                                     33 	.globl _U1TB8
                                     34 	.globl _U1REN
                                     35 	.globl _U1SMOD
                                     36 	.globl _U1SM0
                                     37 	.globl _S0_R_FIFO
                                     38 	.globl _S0_T_FIFO
                                     39 	.globl _S0_FREE
                                     40 	.globl _S0_IF_BYTE
                                     41 	.globl _S0_IF_FIRST
                                     42 	.globl _S0_IF_OV
                                     43 	.globl _S0_FST_ACT
                                     44 	.globl _CP_RL2
                                     45 	.globl _C_T2
                                     46 	.globl _TR2
                                     47 	.globl _EXEN2
                                     48 	.globl _TCLK
                                     49 	.globl _RCLK
                                     50 	.globl _EXF2
                                     51 	.globl _CAP1F
                                     52 	.globl _TF2
                                     53 	.globl _RI
                                     54 	.globl _TI
                                     55 	.globl _RB8
                                     56 	.globl _TB8
                                     57 	.globl _REN
                                     58 	.globl _SM2
                                     59 	.globl _SM1
                                     60 	.globl _SM0
                                     61 	.globl _IT0
                                     62 	.globl _IE0
                                     63 	.globl _IT1
                                     64 	.globl _IE1
                                     65 	.globl _TR0
                                     66 	.globl _TF0
                                     67 	.globl _TR1
                                     68 	.globl _TF1
                                     69 	.globl _RXD
                                     70 	.globl _PWM1_
                                     71 	.globl _TXD
                                     72 	.globl _PWM2_
                                     73 	.globl _AIN3
                                     74 	.globl _VBUS1
                                     75 	.globl _INT0
                                     76 	.globl _TXD1_
                                     77 	.globl _INT1
                                     78 	.globl _T0
                                     79 	.globl _RXD1_
                                     80 	.globl _PWM2
                                     81 	.globl _T1
                                     82 	.globl _UDP
                                     83 	.globl _UDM
                                     84 	.globl _TIN0
                                     85 	.globl _CAP1
                                     86 	.globl _T2
                                     87 	.globl _AIN0
                                     88 	.globl _VBUS2
                                     89 	.globl _TIN1
                                     90 	.globl _CAP2
                                     91 	.globl _T2EX
                                     92 	.globl _RXD_
                                     93 	.globl _TXD_
                                     94 	.globl _AIN1
                                     95 	.globl _UCC1
                                     96 	.globl _TIN2
                                     97 	.globl _SCS
                                     98 	.globl _CAP1_
                                     99 	.globl _T2_
                                    100 	.globl _AIN2
                                    101 	.globl _UCC2
                                    102 	.globl _TIN3
                                    103 	.globl _PWM1
                                    104 	.globl _MOSI
                                    105 	.globl _TIN4
                                    106 	.globl _RXD1
                                    107 	.globl _MISO
                                    108 	.globl _TIN5
                                    109 	.globl _TXD1
                                    110 	.globl _SCK
                                    111 	.globl _IE_SPI0
                                    112 	.globl _IE_TKEY
                                    113 	.globl _IE_USB
                                    114 	.globl _IE_ADC
                                    115 	.globl _IE_UART1
                                    116 	.globl _IE_PWMX
                                    117 	.globl _IE_GPIO
                                    118 	.globl _IE_WDOG
                                    119 	.globl _PX0
                                    120 	.globl _PT0
                                    121 	.globl _PX1
                                    122 	.globl _PT1
                                    123 	.globl _PS
                                    124 	.globl _PT2
                                    125 	.globl _PL_FLAG
                                    126 	.globl _PH_FLAG
                                    127 	.globl _EX0
                                    128 	.globl _ET0
                                    129 	.globl _EX1
                                    130 	.globl _ET1
                                    131 	.globl _ES
                                    132 	.globl _ET2
                                    133 	.globl _E_DIS
                                    134 	.globl _EA
                                    135 	.globl _P
                                    136 	.globl _F1
                                    137 	.globl _OV
                                    138 	.globl _RS0
                                    139 	.globl _RS1
                                    140 	.globl _F0
                                    141 	.globl _AC
                                    142 	.globl _CY
                                    143 	.globl _UEP1_DMA_H
                                    144 	.globl _UEP1_DMA_L
                                    145 	.globl _UEP1_DMA
                                    146 	.globl _UEP0_DMA_H
                                    147 	.globl _UEP0_DMA_L
                                    148 	.globl _UEP0_DMA
                                    149 	.globl _UEP2_3_MOD
                                    150 	.globl _UEP4_1_MOD
                                    151 	.globl _UEP3_DMA_H
                                    152 	.globl _UEP3_DMA_L
                                    153 	.globl _UEP3_DMA
                                    154 	.globl _UEP2_DMA_H
                                    155 	.globl _UEP2_DMA_L
                                    156 	.globl _UEP2_DMA
                                    157 	.globl _USB_DEV_AD
                                    158 	.globl _USB_CTRL
                                    159 	.globl _USB_INT_EN
                                    160 	.globl _UEP4_T_LEN
                                    161 	.globl _UEP4_CTRL
                                    162 	.globl _UEP0_T_LEN
                                    163 	.globl _UEP0_CTRL
                                    164 	.globl _USB_RX_LEN
                                    165 	.globl _USB_MIS_ST
                                    166 	.globl _USB_INT_ST
                                    167 	.globl _USB_INT_FG
                                    168 	.globl _UEP3_T_LEN
                                    169 	.globl _UEP3_CTRL
                                    170 	.globl _UEP2_T_LEN
                                    171 	.globl _UEP2_CTRL
                                    172 	.globl _UEP1_T_LEN
                                    173 	.globl _UEP1_CTRL
                                    174 	.globl _UDEV_CTRL
                                    175 	.globl _USB_C_CTRL
                                    176 	.globl _TKEY_DATH
                                    177 	.globl _TKEY_DATL
                                    178 	.globl _TKEY_DAT
                                    179 	.globl _TKEY_CTRL
                                    180 	.globl _ADC_DATA
                                    181 	.globl _ADC_CFG
                                    182 	.globl _ADC_CTRL
                                    183 	.globl _SBAUD1
                                    184 	.globl _SBUF1
                                    185 	.globl _SCON1
                                    186 	.globl _SPI0_SETUP
                                    187 	.globl _SPI0_CK_SE
                                    188 	.globl _SPI0_CTRL
                                    189 	.globl _SPI0_DATA
                                    190 	.globl _SPI0_STAT
                                    191 	.globl _PWM_CK_SE
                                    192 	.globl _PWM_CTRL
                                    193 	.globl _PWM_DATA1
                                    194 	.globl _PWM_DATA2
                                    195 	.globl _T2CAP1H
                                    196 	.globl _T2CAP1L
                                    197 	.globl _T2CAP1
                                    198 	.globl _TH2
                                    199 	.globl _TL2
                                    200 	.globl _T2COUNT
                                    201 	.globl _RCAP2H
                                    202 	.globl _RCAP2L
                                    203 	.globl _RCAP2
                                    204 	.globl _T2MOD
                                    205 	.globl _T2CON
                                    206 	.globl _SBUF
                                    207 	.globl _SCON
                                    208 	.globl _TH1
                                    209 	.globl _TH0
                                    210 	.globl _TL1
                                    211 	.globl _TL0
                                    212 	.globl _TMOD
                                    213 	.globl _TCON
                                    214 	.globl _XBUS_AUX
                                    215 	.globl _PIN_FUNC
                                    216 	.globl _P3_DIR_PU
                                    217 	.globl _P3_MOD_OC
                                    218 	.globl _P3
                                    219 	.globl _P2
                                    220 	.globl _P1_DIR_PU
                                    221 	.globl _P1_MOD_OC
                                    222 	.globl _P1
                                    223 	.globl _ROM_CTRL
                                    224 	.globl _ROM_DATA_H
                                    225 	.globl _ROM_DATA_L
                                    226 	.globl _ROM_DATA
                                    227 	.globl _ROM_ADDR_H
                                    228 	.globl _ROM_ADDR_L
                                    229 	.globl _ROM_ADDR
                                    230 	.globl _GPIO_IE
                                    231 	.globl _IP_EX
                                    232 	.globl _IE_EX
                                    233 	.globl _IP
                                    234 	.globl _IE
                                    235 	.globl _WDOG_COUNT
                                    236 	.globl _RESET_KEEP
                                    237 	.globl _WAKE_CTRL
                                    238 	.globl _CLOCK_CFG
                                    239 	.globl _PCON
                                    240 	.globl _GLOBAL_CFG
                                    241 	.globl _SAFE_MOD
                                    242 	.globl _DPH
                                    243 	.globl _DPL
                                    244 	.globl _SP
                                    245 	.globl _B
                                    246 	.globl _ACC
                                    247 	.globl _PSW
                                    248 	.globl _ledON
                                    249 	.globl _debounce
                                    250 	.globl _button_irq
                                    251 	.globl _t
                                    252 	.globl _counter
                                    253 	.globl _serialTime
                                    254 	.globl _wdtCounter
                                    255 	.globl _debounceTimer
                                    256 	.globl _tick_10ms
                                    257 	.globl _clock_init
                                    258 	.globl _INT1_ISR
                                    259 	.globl _timer0_ISR
                                    260 	.globl _blink_led
                                    261 ;--------------------------------------------------------
                                    262 ; special function registers
                                    263 ;--------------------------------------------------------
                                    264 	.area RSEG    (ABS,DATA)
      000000                        265 	.org 0x0000
                           0000D0   266 _PSW	=	0x00d0
                           0000E0   267 _ACC	=	0x00e0
                           0000F0   268 _B	=	0x00f0
                           000081   269 _SP	=	0x0081
                           000082   270 _DPL	=	0x0082
                           000083   271 _DPH	=	0x0083
                           0000A1   272 _SAFE_MOD	=	0x00a1
                           0000B1   273 _GLOBAL_CFG	=	0x00b1
                           000087   274 _PCON	=	0x0087
                           0000B9   275 _CLOCK_CFG	=	0x00b9
                           0000A9   276 _WAKE_CTRL	=	0x00a9
                           0000FE   277 _RESET_KEEP	=	0x00fe
                           0000FF   278 _WDOG_COUNT	=	0x00ff
                           0000A8   279 _IE	=	0x00a8
                           0000B8   280 _IP	=	0x00b8
                           0000E8   281 _IE_EX	=	0x00e8
                           0000E9   282 _IP_EX	=	0x00e9
                           0000C7   283 _GPIO_IE	=	0x00c7
                           008584   284 _ROM_ADDR	=	0x8584
                           000084   285 _ROM_ADDR_L	=	0x0084
                           000085   286 _ROM_ADDR_H	=	0x0085
                           008F8E   287 _ROM_DATA	=	0x8f8e
                           00008E   288 _ROM_DATA_L	=	0x008e
                           00008F   289 _ROM_DATA_H	=	0x008f
                           000086   290 _ROM_CTRL	=	0x0086
                           000090   291 _P1	=	0x0090
                           000092   292 _P1_MOD_OC	=	0x0092
                           000093   293 _P1_DIR_PU	=	0x0093
                           0000A0   294 _P2	=	0x00a0
                           0000B0   295 _P3	=	0x00b0
                           000096   296 _P3_MOD_OC	=	0x0096
                           000097   297 _P3_DIR_PU	=	0x0097
                           0000C6   298 _PIN_FUNC	=	0x00c6
                           0000A2   299 _XBUS_AUX	=	0x00a2
                           000088   300 _TCON	=	0x0088
                           000089   301 _TMOD	=	0x0089
                           00008A   302 _TL0	=	0x008a
                           00008B   303 _TL1	=	0x008b
                           00008C   304 _TH0	=	0x008c
                           00008D   305 _TH1	=	0x008d
                           000098   306 _SCON	=	0x0098
                           000099   307 _SBUF	=	0x0099
                           0000C8   308 _T2CON	=	0x00c8
                           0000C9   309 _T2MOD	=	0x00c9
                           00CBCA   310 _RCAP2	=	0xcbca
                           0000CA   311 _RCAP2L	=	0x00ca
                           0000CB   312 _RCAP2H	=	0x00cb
                           00CDCC   313 _T2COUNT	=	0xcdcc
                           0000CC   314 _TL2	=	0x00cc
                           0000CD   315 _TH2	=	0x00cd
                           00CFCE   316 _T2CAP1	=	0xcfce
                           0000CE   317 _T2CAP1L	=	0x00ce
                           0000CF   318 _T2CAP1H	=	0x00cf
                           00009B   319 _PWM_DATA2	=	0x009b
                           00009C   320 _PWM_DATA1	=	0x009c
                           00009D   321 _PWM_CTRL	=	0x009d
                           00009E   322 _PWM_CK_SE	=	0x009e
                           0000F8   323 _SPI0_STAT	=	0x00f8
                           0000F9   324 _SPI0_DATA	=	0x00f9
                           0000FA   325 _SPI0_CTRL	=	0x00fa
                           0000FB   326 _SPI0_CK_SE	=	0x00fb
                           0000FC   327 _SPI0_SETUP	=	0x00fc
                           0000C0   328 _SCON1	=	0x00c0
                           0000C1   329 _SBUF1	=	0x00c1
                           0000C2   330 _SBAUD1	=	0x00c2
                           000080   331 _ADC_CTRL	=	0x0080
                           00009A   332 _ADC_CFG	=	0x009a
                           00009F   333 _ADC_DATA	=	0x009f
                           0000C3   334 _TKEY_CTRL	=	0x00c3
                           00C5C4   335 _TKEY_DAT	=	0xc5c4
                           0000C4   336 _TKEY_DATL	=	0x00c4
                           0000C5   337 _TKEY_DATH	=	0x00c5
                           000091   338 _USB_C_CTRL	=	0x0091
                           0000D1   339 _UDEV_CTRL	=	0x00d1
                           0000D2   340 _UEP1_CTRL	=	0x00d2
                           0000D3   341 _UEP1_T_LEN	=	0x00d3
                           0000D4   342 _UEP2_CTRL	=	0x00d4
                           0000D5   343 _UEP2_T_LEN	=	0x00d5
                           0000D6   344 _UEP3_CTRL	=	0x00d6
                           0000D7   345 _UEP3_T_LEN	=	0x00d7
                           0000D8   346 _USB_INT_FG	=	0x00d8
                           0000D9   347 _USB_INT_ST	=	0x00d9
                           0000DA   348 _USB_MIS_ST	=	0x00da
                           0000DB   349 _USB_RX_LEN	=	0x00db
                           0000DC   350 _UEP0_CTRL	=	0x00dc
                           0000DD   351 _UEP0_T_LEN	=	0x00dd
                           0000DE   352 _UEP4_CTRL	=	0x00de
                           0000DF   353 _UEP4_T_LEN	=	0x00df
                           0000E1   354 _USB_INT_EN	=	0x00e1
                           0000E2   355 _USB_CTRL	=	0x00e2
                           0000E3   356 _USB_DEV_AD	=	0x00e3
                           00E5E4   357 _UEP2_DMA	=	0xe5e4
                           0000E4   358 _UEP2_DMA_L	=	0x00e4
                           0000E5   359 _UEP2_DMA_H	=	0x00e5
                           00E7E6   360 _UEP3_DMA	=	0xe7e6
                           0000E6   361 _UEP3_DMA_L	=	0x00e6
                           0000E7   362 _UEP3_DMA_H	=	0x00e7
                           0000EA   363 _UEP4_1_MOD	=	0x00ea
                           0000EB   364 _UEP2_3_MOD	=	0x00eb
                           00EDEC   365 _UEP0_DMA	=	0xedec
                           0000EC   366 _UEP0_DMA_L	=	0x00ec
                           0000ED   367 _UEP0_DMA_H	=	0x00ed
                           00EFEE   368 _UEP1_DMA	=	0xefee
                           0000EE   369 _UEP1_DMA_L	=	0x00ee
                           0000EF   370 _UEP1_DMA_H	=	0x00ef
                                    371 ;--------------------------------------------------------
                                    372 ; special function bits
                                    373 ;--------------------------------------------------------
                                    374 	.area RSEG    (ABS,DATA)
      000000                        375 	.org 0x0000
                           0000D7   376 _CY	=	0x00d7
                           0000D6   377 _AC	=	0x00d6
                           0000D5   378 _F0	=	0x00d5
                           0000D4   379 _RS1	=	0x00d4
                           0000D3   380 _RS0	=	0x00d3
                           0000D2   381 _OV	=	0x00d2
                           0000D1   382 _F1	=	0x00d1
                           0000D0   383 _P	=	0x00d0
                           0000AF   384 _EA	=	0x00af
                           0000AE   385 _E_DIS	=	0x00ae
                           0000AD   386 _ET2	=	0x00ad
                           0000AC   387 _ES	=	0x00ac
                           0000AB   388 _ET1	=	0x00ab
                           0000AA   389 _EX1	=	0x00aa
                           0000A9   390 _ET0	=	0x00a9
                           0000A8   391 _EX0	=	0x00a8
                           0000BF   392 _PH_FLAG	=	0x00bf
                           0000BE   393 _PL_FLAG	=	0x00be
                           0000BD   394 _PT2	=	0x00bd
                           0000BC   395 _PS	=	0x00bc
                           0000BB   396 _PT1	=	0x00bb
                           0000BA   397 _PX1	=	0x00ba
                           0000B9   398 _PT0	=	0x00b9
                           0000B8   399 _PX0	=	0x00b8
                           0000EF   400 _IE_WDOG	=	0x00ef
                           0000EE   401 _IE_GPIO	=	0x00ee
                           0000ED   402 _IE_PWMX	=	0x00ed
                           0000EC   403 _IE_UART1	=	0x00ec
                           0000EB   404 _IE_ADC	=	0x00eb
                           0000EA   405 _IE_USB	=	0x00ea
                           0000E9   406 _IE_TKEY	=	0x00e9
                           0000E8   407 _IE_SPI0	=	0x00e8
                           000097   408 _SCK	=	0x0097
                           000097   409 _TXD1	=	0x0097
                           000097   410 _TIN5	=	0x0097
                           000096   411 _MISO	=	0x0096
                           000096   412 _RXD1	=	0x0096
                           000096   413 _TIN4	=	0x0096
                           000095   414 _MOSI	=	0x0095
                           000095   415 _PWM1	=	0x0095
                           000095   416 _TIN3	=	0x0095
                           000095   417 _UCC2	=	0x0095
                           000095   418 _AIN2	=	0x0095
                           000094   419 _T2_	=	0x0094
                           000094   420 _CAP1_	=	0x0094
                           000094   421 _SCS	=	0x0094
                           000094   422 _TIN2	=	0x0094
                           000094   423 _UCC1	=	0x0094
                           000094   424 _AIN1	=	0x0094
                           000093   425 _TXD_	=	0x0093
                           000092   426 _RXD_	=	0x0092
                           000091   427 _T2EX	=	0x0091
                           000091   428 _CAP2	=	0x0091
                           000091   429 _TIN1	=	0x0091
                           000091   430 _VBUS2	=	0x0091
                           000091   431 _AIN0	=	0x0091
                           000090   432 _T2	=	0x0090
                           000090   433 _CAP1	=	0x0090
                           000090   434 _TIN0	=	0x0090
                           0000B7   435 _UDM	=	0x00b7
                           0000B6   436 _UDP	=	0x00b6
                           0000B5   437 _T1	=	0x00b5
                           0000B4   438 _PWM2	=	0x00b4
                           0000B4   439 _RXD1_	=	0x00b4
                           0000B4   440 _T0	=	0x00b4
                           0000B3   441 _INT1	=	0x00b3
                           0000B2   442 _TXD1_	=	0x00b2
                           0000B2   443 _INT0	=	0x00b2
                           0000B2   444 _VBUS1	=	0x00b2
                           0000B2   445 _AIN3	=	0x00b2
                           0000B1   446 _PWM2_	=	0x00b1
                           0000B1   447 _TXD	=	0x00b1
                           0000B0   448 _PWM1_	=	0x00b0
                           0000B0   449 _RXD	=	0x00b0
                           00008F   450 _TF1	=	0x008f
                           00008E   451 _TR1	=	0x008e
                           00008D   452 _TF0	=	0x008d
                           00008C   453 _TR0	=	0x008c
                           00008B   454 _IE1	=	0x008b
                           00008A   455 _IT1	=	0x008a
                           000089   456 _IE0	=	0x0089
                           000088   457 _IT0	=	0x0088
                           00009F   458 _SM0	=	0x009f
                           00009E   459 _SM1	=	0x009e
                           00009D   460 _SM2	=	0x009d
                           00009C   461 _REN	=	0x009c
                           00009B   462 _TB8	=	0x009b
                           00009A   463 _RB8	=	0x009a
                           000099   464 _TI	=	0x0099
                           000098   465 _RI	=	0x0098
                           0000CF   466 _TF2	=	0x00cf
                           0000CF   467 _CAP1F	=	0x00cf
                           0000CE   468 _EXF2	=	0x00ce
                           0000CD   469 _RCLK	=	0x00cd
                           0000CC   470 _TCLK	=	0x00cc
                           0000CB   471 _EXEN2	=	0x00cb
                           0000CA   472 _TR2	=	0x00ca
                           0000C9   473 _C_T2	=	0x00c9
                           0000C8   474 _CP_RL2	=	0x00c8
                           0000FF   475 _S0_FST_ACT	=	0x00ff
                           0000FE   476 _S0_IF_OV	=	0x00fe
                           0000FD   477 _S0_IF_FIRST	=	0x00fd
                           0000FC   478 _S0_IF_BYTE	=	0x00fc
                           0000FB   479 _S0_FREE	=	0x00fb
                           0000FA   480 _S0_T_FIFO	=	0x00fa
                           0000F8   481 _S0_R_FIFO	=	0x00f8
                           0000C7   482 _U1SM0	=	0x00c7
                           0000C5   483 _U1SMOD	=	0x00c5
                           0000C4   484 _U1REN	=	0x00c4
                           0000C3   485 _U1TB8	=	0x00c3
                           0000C2   486 _U1RB8	=	0x00c2
                           0000C1   487 _U1TI	=	0x00c1
                           0000C0   488 _U1RI	=	0x00c0
                           000087   489 _CMPO	=	0x0087
                           000086   490 _CMP_IF	=	0x0086
                           000085   491 _ADC_IF	=	0x0085
                           000084   492 _ADC_START	=	0x0084
                           000083   493 _CMP_CHAN	=	0x0083
                           000081   494 _ADC_CHAN1	=	0x0081
                           000080   495 _ADC_CHAN0	=	0x0080
                           0000DF   496 _U_IS_NAK	=	0x00df
                           0000DE   497 _U_TOG_OK	=	0x00de
                           0000DD   498 _U_SIE_FREE	=	0x00dd
                           0000DC   499 _UIF_FIFO_OV	=	0x00dc
                           0000DB   500 _UIF_HST_SOF	=	0x00db
                           0000DA   501 _UIF_SUSPEND	=	0x00da
                           0000D9   502 _UIF_TRANSFER	=	0x00d9
                           0000D8   503 _UIF_DETECT	=	0x00d8
                           0000D8   504 _UIF_BUS_RST	=	0x00d8
                                    505 ;--------------------------------------------------------
                                    506 ; overlayable register banks
                                    507 ;--------------------------------------------------------
                                    508 	.area REG_BANK_0	(REL,OVR,DATA)
      000000                        509 	.ds 8
                                    510 	.area REG_BANK_1	(REL,OVR,DATA)
      000000                        511 	.ds 8
                                    512 ;--------------------------------------------------------
                                    513 ; internal ram data
                                    514 ;--------------------------------------------------------
                                    515 	.area DSEG    (DATA)
      000000                        516 _tick_10ms::
      000000                        517 	.ds 2
      000002                        518 _debounceTimer::
      000002                        519 	.ds 2
      000004                        520 _wdtCounter::
      000004                        521 	.ds 2
      000006                        522 _serialTime::
      000006                        523 	.ds 2
      000008                        524 _counter::
      000008                        525 	.ds 2
      00000A                        526 _last_tick:
      00000A                        527 	.ds 2
      00000C                        528 _t::
      00000C                        529 	.ds 2
      00000E                        530 _blink_base:
      00000E                        531 	.ds 2
                                    532 ;--------------------------------------------------------
                                    533 ; overlayable items in internal ram
                                    534 ;--------------------------------------------------------
                                    535 	.area	OSEG    (OVR,DATA)
                                    536 ;--------------------------------------------------------
                                    537 ; Stack segment in internal ram
                                    538 ;--------------------------------------------------------
                                    539 	.area SSEG
      000000                        540 __start__stack:
      000000                        541 	.ds	1
                                    542 
                                    543 ;--------------------------------------------------------
                                    544 ; indirectly addressable internal ram data
                                    545 ;--------------------------------------------------------
                                    546 	.area ISEG    (DATA)
                                    547 ;--------------------------------------------------------
                                    548 ; absolute internal ram data
                                    549 ;--------------------------------------------------------
                                    550 	.area IABS    (ABS,DATA)
                                    551 	.area IABS    (ABS,DATA)
                                    552 ;--------------------------------------------------------
                                    553 ; bit data
                                    554 ;--------------------------------------------------------
                                    555 	.area BSEG    (BIT)
      000000                        556 _button_irq::
      000000                        557 	.ds 1
      000001                        558 _debounce::
      000001                        559 	.ds 1
      000002                        560 _ledON::
      000002                        561 	.ds 1
      000003                        562 _wdt_started:
      000003                        563 	.ds 1
                                    564 ;--------------------------------------------------------
                                    565 ; paged external ram data
                                    566 ;--------------------------------------------------------
                                    567 	.area PSEG    (PAG,XDATA)
                                    568 ;--------------------------------------------------------
                                    569 ; uninitialized external ram data
                                    570 ;--------------------------------------------------------
                                    571 	.area XSEG    (XDATA)
                                    572 ;--------------------------------------------------------
                                    573 ; absolute external ram data
                                    574 ;--------------------------------------------------------
                                    575 	.area XABS    (ABS,XDATA)
                                    576 ;--------------------------------------------------------
                                    577 ; initialized external ram data
                                    578 ;--------------------------------------------------------
                                    579 	.area XISEG   (XDATA)
                                    580 	.area HOME    (CODE)
                                    581 	.area GSINIT0 (CODE)
                                    582 	.area GSINIT1 (CODE)
                                    583 	.area GSINIT2 (CODE)
                                    584 	.area GSINIT3 (CODE)
                                    585 	.area GSINIT4 (CODE)
                                    586 	.area GSINIT5 (CODE)
                                    587 	.area GSINIT  (CODE)
                                    588 	.area GSFINAL (CODE)
                                    589 	.area CSEG    (CODE)
                                    590 ;--------------------------------------------------------
                                    591 ; interrupt vector
                                    592 ;--------------------------------------------------------
                                    593 	.area HOME    (CODE)
      000000                        594 __interrupt_vect:
      000000 02r00r00         [24]  595 	ljmp	__sdcc_gsinit_startup
      000003 32               [24]  596 	reti
      000004                        597 	.ds	7
      00000B 02r00r26         [24]  598 	ljmp	_timer0_ISR
      00000E                        599 	.ds	5
      000013 02r00r15         [24]  600 	ljmp	_INT1_ISR
                                    601 ; restartable atomic support routines
      000016                        602 	.ds	2
      000018                        603 sdcc_atomic_exchange_rollback_start::
      000018 00               [12]  604 	nop
      000019 00               [12]  605 	nop
      00001A                        606 sdcc_atomic_exchange_pdata_impl:
      00001A E2               [24]  607 	movx	a, @r0
      00001B FB               [12]  608 	mov	r3, a
      00001C EA               [12]  609 	mov	a, r2
      00001D F2               [24]  610 	movx	@r0, a
      00001E 80 2C            [24]  611 	sjmp	sdcc_atomic_exchange_exit
      000020 00               [12]  612 	nop
      000021 00               [12]  613 	nop
      000022                        614 sdcc_atomic_exchange_xdata_impl:
      000022 E0               [24]  615 	movx	a, @dptr
      000023 FB               [12]  616 	mov	r3, a
      000024 EA               [12]  617 	mov	a, r2
      000025 F0               [24]  618 	movx	@dptr, a
      000026 80 24            [24]  619 	sjmp	sdcc_atomic_exchange_exit
      000028                        620 sdcc_atomic_compare_exchange_idata_impl:
      000028 E6               [12]  621 	mov	a, @r0
      000029 B5 02 02         [24]  622 	cjne	a, ar2, .+#5
      00002C EB               [12]  623 	mov	a, r3
      00002D F6               [12]  624 	mov	@r0, a
      00002E 22               [24]  625 	ret
      00002F 00               [12]  626 	nop
      000030                        627 sdcc_atomic_compare_exchange_pdata_impl:
      000030 E2               [24]  628 	movx	a, @r0
      000031 B5 02 02         [24]  629 	cjne	a, ar2, .+#5
      000034 EB               [12]  630 	mov	a, r3
      000035 F2               [24]  631 	movx	@r0, a
      000036 22               [24]  632 	ret
      000037 00               [12]  633 	nop
      000038                        634 sdcc_atomic_compare_exchange_xdata_impl:
      000038 E0               [24]  635 	movx	a, @dptr
      000039 B5 02 02         [24]  636 	cjne	a, ar2, .+#5
      00003C EB               [12]  637 	mov	a, r3
      00003D F0               [24]  638 	movx	@dptr, a
      00003E 22               [24]  639 	ret
      00003F                        640 sdcc_atomic_exchange_rollback_end::
                                    641 
      00003F                        642 sdcc_atomic_exchange_gptr_impl::
      00003F 30 F6 E0         [24]  643 	jnb	b.6, sdcc_atomic_exchange_xdata_impl
      000042 A8 82            [24]  644 	mov	r0, dpl
      000044 20 F5 D3         [24]  645 	jb	b.5, sdcc_atomic_exchange_pdata_impl
      000047                        646 sdcc_atomic_exchange_idata_impl:
      000047 EA               [12]  647 	mov	a, r2
      000048 C6               [12]  648 	xch	a, @r0
      000049 F5 82            [12]  649 	mov	dpl, a
      00004B 22               [24]  650 	ret
      00004C                        651 sdcc_atomic_exchange_exit:
      00004C 8B 82            [24]  652 	mov	dpl, r3
      00004E 22               [24]  653 	ret
      00004F                        654 sdcc_atomic_compare_exchange_gptr_impl::
      00004F 30 F6 E6         [24]  655 	jnb	b.6, sdcc_atomic_compare_exchange_xdata_impl
      000052 A8 82            [24]  656 	mov	r0, dpl
      000054 20 F5 D9         [24]  657 	jb	b.5, sdcc_atomic_compare_exchange_pdata_impl
      000057 80 CF            [24]  658 	sjmp	sdcc_atomic_compare_exchange_idata_impl
                                    659 ;--------------------------------------------------------
                                    660 ; global & static initialisations
                                    661 ;--------------------------------------------------------
                                    662 	.area HOME    (CODE)
                                    663 	.area GSINIT  (CODE)
                                    664 	.area GSFINAL (CODE)
                                    665 	.area GSINIT  (CODE)
                                    666 	.globl __sdcc_gsinit_startup
                                    667 	.globl __sdcc_program_startup
                                    668 	.globl __start__stack
                                    669 	.globl __mcs51_genXINIT
                                    670 	.globl __mcs51_genXRAMCLEAR
                                    671 	.globl __mcs51_genRAMCLEAR
                                    672 ;	watchdog-testing.c:5: volatile unsigned int tick_10ms = 0;
      000000 E4               [12]  673 	clr	a
      000001 F5*00            [12]  674 	mov	_tick_10ms,a
      000003 F5*01            [12]  675 	mov	(_tick_10ms + 1),a
                                    676 ;	watchdog-testing.c:6: volatile unsigned int debounceTimer = 0;
      000005 F5*02            [12]  677 	mov	_debounceTimer,a
      000007 F5*03            [12]  678 	mov	(_debounceTimer + 1),a
                                    679 ;	watchdog-testing.c:7: volatile unsigned int wdtCounter = 1;
      000009 75*04 01         [24]  680 	mov	_wdtCounter,#0x01
      00000C F5*05            [12]  681 	mov	(_wdtCounter + 1),a
                                    682 ;	watchdog-testing.c:11: unsigned int serialTime= 0;
      00000E F5*06            [12]  683 	mov	_serialTime,a
      000010 F5*07            [12]  684 	mov	(_serialTime + 1),a
                                    685 ;	watchdog-testing.c:12: unsigned int counter= 0;
      000012 F5*08            [12]  686 	mov	_counter,a
      000014 F5*09            [12]  687 	mov	(_counter + 1),a
                                    688 ;	watchdog-testing.c:13: static unsigned int last_tick = 0;
      000016 F5*0A            [12]  689 	mov	_last_tick,a
      000018 F5*0B            [12]  690 	mov	(_last_tick + 1),a
                                    691 ;	watchdog-testing.c:16: static unsigned int blink_base = 0;
      00001A F5*0E            [12]  692 	mov	_blink_base,a
      00001C F5*0F            [12]  693 	mov	(_blink_base + 1),a
                                    694 ;	watchdog-testing.c:8: volatile __bit button_irq = 0;
                                    695 ;	assignBit
      00001E C2*00            [12]  696 	clr	_button_irq
                                    697 ;	watchdog-testing.c:9: volatile __bit debounce = 0;
                                    698 ;	assignBit
      000020 C2*01            [12]  699 	clr	_debounce
                                    700 ;	watchdog-testing.c:10: volatile __bit ledON = 0;
                                    701 ;	assignBit
      000022 C2*02            [12]  702 	clr	_ledON
                                    703 ;	watchdog-testing.c:15: static __bit wdt_started = 0;
                                    704 ;	assignBit
      000024 C2*03            [12]  705 	clr	_wdt_started
                                    706 	.area GSFINAL (CODE)
      000000 02r00r59         [24]  707 	ljmp	__sdcc_program_startup
                                    708 ;--------------------------------------------------------
                                    709 ; Home
                                    710 ;--------------------------------------------------------
                                    711 	.area HOME    (CODE)
                                    712 	.area HOME    (CODE)
      000059                        713 __sdcc_program_startup:
      000059 02r00rBD         [24]  714 	ljmp	_main
                                    715 ;	return from main will return to caller
                                    716 ;--------------------------------------------------------
                                    717 ; code
                                    718 ;--------------------------------------------------------
                                    719 	.area CSEG    (CODE)
                                    720 ;------------------------------------------------------------
                                    721 ;Allocation info for local variables in function 'clock_init'
                                    722 ;------------------------------------------------------------
                                    723 ;	watchdog-testing.c:23: void clock_init(void) {
                                    724 ;	-----------------------------------------
                                    725 ;	 function clock_init
                                    726 ;	-----------------------------------------
      000000                        727 _clock_init:
                           000007   728 	ar7 = 0x07
                           000006   729 	ar6 = 0x06
                           000005   730 	ar5 = 0x05
                           000004   731 	ar4 = 0x04
                           000003   732 	ar3 = 0x03
                           000002   733 	ar2 = 0x02
                           000001   734 	ar1 = 0x01
                           000000   735 	ar0 = 0x00
                                    736 ;	watchdog-testing.c:24: SAFE_MOD = 0x55;
      000000 75 A1 55         [24]  737 	mov	_SAFE_MOD,#0x55
                                    738 ;	watchdog-testing.c:25: SAFE_MOD = 0xAA;
      000003 75 A1 AA         [24]  739 	mov	_SAFE_MOD,#0xaa
                                    740 ;	watchdog-testing.c:26: CLOCK_CFG |= bOSC_EN_INT; 
      000006 43 B9 80         [24]  741 	orl	_CLOCK_CFG,#0x80
                                    742 ;	watchdog-testing.c:28: CLOCK_CFG = (CLOCK_CFG & ~MASK_SYS_CK_SEL) | 0x06;
      000009 74 F8            [12]  743 	mov	a,#0xf8
      00000B 55 B9            [12]  744 	anl	a,_CLOCK_CFG
      00000D 44 06            [12]  745 	orl	a,#0x06
      00000F F5 B9            [12]  746 	mov	_CLOCK_CFG,a
                                    747 ;	watchdog-testing.c:30: SAFE_MOD = 0x00;
      000011 75 A1 00         [24]  748 	mov	_SAFE_MOD,#0x00
                                    749 ;	watchdog-testing.c:31: }
      000014 22               [24]  750 	ret
                                    751 ;------------------------------------------------------------
                                    752 ;Allocation info for local variables in function 'INT1_ISR'
                                    753 ;------------------------------------------------------------
                                    754 ;	watchdog-testing.c:32: void INT1_ISR(void) __interrupt (INT_NO_INT1)// You can do __interrupt (2) if you prefer 
                                    755 ;	-----------------------------------------
                                    756 ;	 function INT1_ISR
                                    757 ;	-----------------------------------------
      000015                        758 _INT1_ISR:
      000015 C0 E0            [24]  759 	push	acc
                                    760 ;	watchdog-testing.c:34: if (!(P3 & (1 << 3))) {   // only accept if pin is LOW. This prevents
      000017 E5 B0            [12]  761 	mov	a,_P3
      000019 20 E3 07         [24]  762 	jb	acc.3,00105$
                                    763 ;	watchdog-testing.c:35: if (!debounce) {        // only register if not already debouncing
      00001C 20*01 04         [24]  764 	jb	_debounce,00105$
                                    765 ;	watchdog-testing.c:36: button_irq = 1;
                                    766 ;	assignBit
      00001F D2*00            [12]  767 	setb	_button_irq
                                    768 ;	watchdog-testing.c:37: debounce = 1;       // arm immediately, atomically
                                    769 ;	assignBit
      000021 D2*01            [12]  770 	setb	_debounce
      000023                        771 00105$:
                                    772 ;	watchdog-testing.c:40: }
      000023 D0 E0            [24]  773 	pop	acc
      000025 32               [24]  774 	reti
                                    775 ;	eliminated unneeded mov psw,# (no regs used in bank)
                                    776 ;	eliminated unneeded push/pop not_psw
                                    777 ;	eliminated unneeded push/pop dpl
                                    778 ;	eliminated unneeded push/pop dph
                                    779 ;	eliminated unneeded push/pop b
                                    780 ;------------------------------------------------------------
                                    781 ;Allocation info for local variables in function 'timer0_ISR'
                                    782 ;------------------------------------------------------------
                                    783 ;	watchdog-testing.c:41: void timer0_ISR(void) __interrupt(1) __using(1){ 
                                    784 ;	-----------------------------------------
                                    785 ;	 function timer0_ISR
                                    786 ;	-----------------------------------------
      000026                        787 _timer0_ISR:
                           00000F   788 	ar7 = 0x0f
                           00000E   789 	ar6 = 0x0e
                           00000D   790 	ar5 = 0x0d
                           00000C   791 	ar4 = 0x0c
                           00000B   792 	ar3 = 0x0b
                           00000A   793 	ar2 = 0x0a
                           000009   794 	ar1 = 0x09
                           000008   795 	ar0 = 0x08
      000026 C0 E0            [24]  796 	push	acc
      000028 C0 D0            [24]  797 	push	psw
      00002A 75 D0 08         [24]  798 	mov	psw,#0x08
                                    799 ;	watchdog-testing.c:43: TF0 = 0;  // clear overflow flag (important for robustness)
                                    800 ;	assignBit
      00002D C2 8D            [12]  801 	clr	_TF0
                                    802 ;	watchdog-testing.c:44: TH0 = 0xB1;
      00002F 75 8C B1         [24]  803 	mov	_TH0,#0xb1
                                    804 ;	watchdog-testing.c:45: TL0 = 0xE0;
      000032 75 8A E0         [24]  805 	mov	_TL0,#0xe0
                                    806 ;	watchdog-testing.c:46: tick_10ms++; // this is the 10ms tick for LED blinking
      000035 AE*00            [24]  807 	mov	r6,_tick_10ms
      000037 AF*01            [24]  808 	mov	r7,(_tick_10ms + 1)
      000039 74 01            [12]  809 	mov	a,#0x01
      00003B 2E               [12]  810 	add	a, r6
      00003C F5*00            [12]  811 	mov	_tick_10ms,a
      00003E E4               [12]  812 	clr	a
      00003F 3F               [12]  813 	addc	a, r7
      000040 F5*01            [12]  814 	mov	(_tick_10ms + 1),a
                                    815 ;	watchdog-testing.c:47: serialTime++; // this is the timer for Serial_println transmissions
      000042 05*06            [12]  816 	inc	_serialTime
      000044 E4               [12]  817 	clr	a
      000045 B5*06 02         [24]  818 	cjne	a,_serialTime,00119$
      000048 05*07            [12]  819 	inc	(_serialTime + 1)
      00004A                        820 00119$:
                                    821 ;	watchdog-testing.c:48: if(debounce){ // if external interrupt happened, activate debounce timer
      00004A 30*01 1F         [24]  822 	jnb	_debounce,00105$
                                    823 ;	watchdog-testing.c:49: debounceTimer++;
      00004D AE*02            [24]  824 	mov	r6,_debounceTimer
      00004F AF*03            [24]  825 	mov	r7,(_debounceTimer + 1)
      000051 74 01            [12]  826 	mov	a,#0x01
      000053 2E               [12]  827 	add	a, r6
      000054 F5*02            [12]  828 	mov	_debounceTimer,a
      000056 E4               [12]  829 	clr	a
      000057 3F               [12]  830 	addc	a, r7
      000058 F5*03            [12]  831 	mov	(_debounceTimer + 1),a
                                    832 ;	watchdog-testing.c:50: if(debounceTimer >= 60){ // after 600ms of not detecting the push-button
      00005A C3               [12]  833 	clr	c
      00005B E5*02            [12]  834 	mov	a,_debounceTimer
      00005D 94 3C            [12]  835 	subb	a,#0x3c
      00005F E5*03            [12]  836 	mov	a,(_debounceTimer + 1)
      000061 94 00            [12]  837 	subb	a,#0x00
      000063 40 07            [24]  838 	jc	00105$
                                    839 ;	watchdog-testing.c:51: debounce= 0; // turn debounce delay OFF
                                    840 ;	assignBit
      000065 C2*01            [12]  841 	clr	_debounce
                                    842 ;	watchdog-testing.c:52: debounceTimer= 0; // and clear timer/counter for next time
      000067 E4               [12]  843 	clr	a
      000068 F5*02            [12]  844 	mov	_debounceTimer,a
      00006A F5*03            [12]  845 	mov	(_debounceTimer + 1),a
      00006C                        846 00105$:
                                    847 ;	watchdog-testing.c:55: }
      00006C D0 D0            [24]  848 	pop	psw
      00006E D0 E0            [24]  849 	pop	acc
      000070 32               [24]  850 	reti
                                    851 ;	eliminated unneeded push/pop dpl
                                    852 ;	eliminated unneeded push/pop dph
                                    853 ;	eliminated unneeded push/pop b
                                    854 ;------------------------------------------------------------
                                    855 ;Allocation info for local variables in function 'timer0_init'
                                    856 ;------------------------------------------------------------
                                    857 ;	watchdog-testing.c:59: void timer0_init(void) {
                                    858 ;	-----------------------------------------
                                    859 ;	 function timer0_init
                                    860 ;	-----------------------------------------
      000071                        861 _timer0_init:
                           000007   862 	ar7 = 0x07
                           000006   863 	ar6 = 0x06
                           000005   864 	ar5 = 0x05
                           000004   865 	ar4 = 0x04
                           000003   866 	ar3 = 0x03
                           000002   867 	ar2 = 0x02
                           000001   868 	ar1 = 0x01
                           000000   869 	ar0 = 0x00
                                    870 ;	watchdog-testing.c:61: T2MOD &= ~bTMR_CLK;   // disable fast clock mode
      000071 53 C9 7F         [24]  871 	anl	_T2MOD,#0x7f
                                    872 ;	watchdog-testing.c:62: T2MOD &= ~bT0_CLK;    // Timer0 = Fsys/12
      000074 53 C9 EF         [24]  873 	anl	_T2MOD,#0xef
                                    874 ;	watchdog-testing.c:63: TMOD &= ~0x03;  // clear Timer0 mode bits
      000077 53 89 FC         [24]  875 	anl	_TMOD,#0xfc
                                    876 ;	watchdog-testing.c:64: TMOD |=  0x01;  // Timer0 mode 1: 16-bit
      00007A 43 89 01         [24]  877 	orl	_TMOD,#0x01
                                    878 ;	watchdog-testing.c:67: TH0 = 0xB1;
      00007D 75 8C B1         [24]  879 	mov	_TH0,#0xb1
                                    880 ;	watchdog-testing.c:68: TL0 = 0xE0;
      000080 75 8A E0         [24]  881 	mov	_TL0,#0xe0
                                    882 ;	watchdog-testing.c:70: TF0 = 0;
                                    883 ;	assignBit
      000083 C2 8D            [12]  884 	clr	_TF0
                                    885 ;	watchdog-testing.c:72: ET0 = 1;   // enable Timer0 interrupt
                                    886 ;	assignBit
      000085 D2 A9            [12]  887 	setb	_ET0
                                    888 ;	watchdog-testing.c:73: TR0 = 1;   // start Timer0
                                    889 ;	assignBit
      000087 D2 8C            [12]  890 	setb	_TR0
                                    891 ;	watchdog-testing.c:74: EA = 1;
                                    892 ;	assignBit
      000089 D2 AF            [12]  893 	setb	_EA
                                    894 ;	watchdog-testing.c:75: }
      00008B 22               [24]  895 	ret
                                    896 ;------------------------------------------------------------
                                    897 ;Allocation info for local variables in function 'extint1_init'
                                    898 ;------------------------------------------------------------
                                    899 ;	watchdog-testing.c:76: void extint1_init(void) {
                                    900 ;	-----------------------------------------
                                    901 ;	 function extint1_init
                                    902 ;	-----------------------------------------
      00008C                        903 _extint1_init:
                                    904 ;	watchdog-testing.c:77: IT1 = 1;   // falling edge
                                    905 ;	assignBit
      00008C D2 8A            [12]  906 	setb	_IT1
                                    907 ;	watchdog-testing.c:78: EX1 = 1;   // enable INT1
                                    908 ;	assignBit
      00008E D2 AA            [12]  909 	setb	_EX1
                                    910 ;	watchdog-testing.c:79: }
      000090 22               [24]  911 	ret
                                    912 ;------------------------------------------------------------
                                    913 ;Allocation info for local variables in function 'blink_led'
                                    914 ;------------------------------------------------------------
                                    915 ;t             Allocated to registers r6 r7 
                                    916 ;phase         Allocated to registers r4 r5 
                                    917 ;------------------------------------------------------------
                                    918 ;	watchdog-testing.c:80: void blink_led(unsigned int t) {
                                    919 ;	-----------------------------------------
                                    920 ;	 function blink_led
                                    921 ;	-----------------------------------------
      000091                        922 _blink_led:
      000091 AE 82            [24]  923 	mov	r6, dpl
      000093 AF 83            [24]  924 	mov	r7, dph
                                    925 ;	watchdog-testing.c:86: unsigned int phase = t - blink_base;
      000095 EE               [12]  926 	mov	a,r6
      000096 C3               [12]  927 	clr	c
      000097 95*0E            [12]  928 	subb	a,_blink_base
      000099 FC               [12]  929 	mov	r4,a
      00009A EF               [12]  930 	mov	a,r7
      00009B 95*0F            [12]  931 	subb	a,(_blink_base + 1)
      00009D FD               [12]  932 	mov	r5,a
                                    933 ;	watchdog-testing.c:88: if (phase < 30) {
      00009E C3               [12]  934 	clr	c
      00009F EC               [12]  935 	mov	a,r4
      0000A0 94 1E            [12]  936 	subb	a,#0x1e
      0000A2 ED               [12]  937 	mov	a,r5
      0000A3 94 00            [12]  938 	subb	a,#0x00
      0000A5 50 04            [24]  939 	jnc	00105$
                                    940 ;	watchdog-testing.c:89: P3 |= (1 << 0);
      0000A7 43 B0 01         [24]  941 	orl	_P3,#0x01
      0000AA 22               [24]  942 	ret
      0000AB                        943 00105$:
                                    944 ;	watchdog-testing.c:90: } else if (phase < 60) {
      0000AB C3               [12]  945 	clr	c
      0000AC EC               [12]  946 	mov	a,r4
      0000AD 94 3C            [12]  947 	subb	a,#0x3c
      0000AF ED               [12]  948 	mov	a,r5
      0000B0 94 00            [12]  949 	subb	a,#0x00
      0000B2 50 04            [24]  950 	jnc	00102$
                                    951 ;	watchdog-testing.c:91: P3 &= ~(1 << 0);
      0000B4 53 B0 FE         [24]  952 	anl	_P3,#0xfe
      0000B7 22               [24]  953 	ret
      0000B8                        954 00102$:
                                    955 ;	watchdog-testing.c:93: blink_base = t;
      0000B8 8E*0E            [24]  956 	mov	_blink_base,r6
      0000BA 8F*0F            [24]  957 	mov	(_blink_base + 1),r7
                                    958 ;	watchdog-testing.c:95: }
      0000BC 22               [24]  959 	ret
                                    960 ;------------------------------------------------------------
                                    961 ;Allocation info for local variables in function 'main'
                                    962 ;------------------------------------------------------------
                                    963 ;	watchdog-testing.c:97: void main(void) {
                                    964 ;	-----------------------------------------
                                    965 ;	 function main
                                    966 ;	-----------------------------------------
      0000BD                        967 _main:
                                    968 ;	watchdog-testing.c:98: clock_init();
      0000BD 12r00r00         [24]  969 	lcall	_clock_init
                                    970 ;	watchdog-testing.c:99: extint1_init();
      0000C0 12r00r8C         [24]  971 	lcall	_extint1_init
                                    972 ;	watchdog-testing.c:100: timer0_init();  
      0000C3 12r00r71         [24]  973 	lcall	_timer0_init
                                    974 ;	watchdog-testing.c:104: P3_MOD_OC &= ~(1 << 0);   // push-pull
      0000C6 53 96 FE         [24]  975 	anl	_P3_MOD_OC,#0xfe
                                    976 ;	watchdog-testing.c:105: P3_DIR_PU |=  (1 << 0);   // enable strong output drive
      0000C9 43 97 01         [24]  977 	orl	_P3_DIR_PU,#0x01
                                    978 ;	watchdog-testing.c:108: P3_MOD_OC &= ~(1 << 3);   // normal input
      0000CC 53 96 F7         [24]  979 	anl	_P3_MOD_OC,#0xf7
                                    980 ;	watchdog-testing.c:109: P3_DIR_PU |=  (1 << 3);   // enable pull-up
      0000CF 43 97 08         [24]  981 	orl	_P3_DIR_PU,#0x08
                                    982 ;	watchdog-testing.c:110: P3 |= (1 << 3);           // pull-up
      0000D2 43 B0 08         [24]  983 	orl	_P3,#0x08
                                    984 ;	watchdog-testing.c:112: P3 &= ~(1 << 0);  // Make LED pin P3.0 "start" as OFF
      0000D5 53 B0 FE         [24]  985 	anl	_P3,#0xfe
                                    986 ;	watchdog-testing.c:114: while (1) {
      0000D8                        987 00122$:
                                    988 ;	watchdog-testing.c:116: if (!wdt_started && tick_10ms > 50) {  // wait ~500ms
      0000D8 20*03 18         [24]  989 	jb	_wdt_started,00102$
      0000DB C3               [12]  990 	clr	c
      0000DC 74 32            [12]  991 	mov	a,#0x32
      0000DE 95*00            [12]  992 	subb	a,_tick_10ms
      0000E0 E4               [12]  993 	clr	a
      0000E1 95*01            [12]  994 	subb	a,(_tick_10ms + 1)
      0000E3 50 0E            [24]  995 	jnc	00102$
                                    996 ;	watchdog-testing.c:117: SAFE_MOD = 0x55;
      0000E5 75 A1 55         [24]  997 	mov	_SAFE_MOD,#0x55
                                    998 ;	watchdog-testing.c:118: SAFE_MOD = 0xAA;
      0000E8 75 A1 AA         [24]  999 	mov	_SAFE_MOD,#0xaa
                                   1000 ;	watchdog-testing.c:119: GLOBAL_CFG |= bWDOG_EN;
      0000EB 43 B1 01         [24] 1001 	orl	_GLOBAL_CFG,#0x01
                                   1002 ;	watchdog-testing.c:120: SAFE_MOD = 0x00;
      0000EE 75 A1 00         [24] 1003 	mov	_SAFE_MOD,#0x00
                                   1004 ;	watchdog-testing.c:122: wdt_started = 1;
                                   1005 ;	assignBit
      0000F1 D2*03            [12] 1006 	setb	_wdt_started
      0000F3                       1007 00102$:
                                   1008 ;	watchdog-testing.c:125: if (wdtCounter < 4) {
      0000F3 C3               [12] 1009 	clr	c
      0000F4 E5*04            [12] 1010 	mov	a,_wdtCounter
      0000F6 94 04            [12] 1011 	subb	a,#0x04
      0000F8 E5*05            [12] 1012 	mov	a,(_wdtCounter + 1)
      0000FA 94 00            [12] 1013 	subb	a,#0x00
      0000FC 50 03            [24] 1014 	jnc	00105$
                                   1015 ;	watchdog-testing.c:126: WDOG_COUNT = 0x01;   // feed normally
      0000FE 75 FF 01         [24] 1016 	mov	_WDOG_COUNT,#0x01
      000101                       1017 00105$:
                                   1018 ;	watchdog-testing.c:128: EA = 0;
                                   1019 ;	assignBit
      000101 C2 AF            [12] 1020 	clr	_EA
                                   1021 ;	watchdog-testing.c:129: t = tick_10ms;
      000103 85*00*0C         [24] 1022 	mov	_t,_tick_10ms
      000106 85*01*0D         [24] 1023 	mov	(_t + 1),(_tick_10ms + 1)
                                   1024 ;	watchdog-testing.c:130: EA = 1;
                                   1025 ;	assignBit
      000109 D2 AF            [12] 1026 	setb	_EA
                                   1027 ;	watchdog-testing.c:132: if (button_irq && debounce) {
      00010B 30*00 19         [24] 1028 	jnb	_button_irq,00110$
      00010E 30*01 16         [24] 1029 	jnb	_debounce,00110$
                                   1030 ;	watchdog-testing.c:133: button_irq = 0;
                                   1031 ;	assignBit
      000111 C2*00            [12] 1032 	clr	_button_irq
                                   1033 ;	watchdog-testing.c:135: if (ledON == 0) {
      000113 20*02 0F         [24] 1034 	jb	_ledON,00107$
                                   1035 ;	watchdog-testing.c:136: ledON = 1;
                                   1036 ;	assignBit
      000116 D2*02            [12] 1037 	setb	_ledON
                                   1038 ;	watchdog-testing.c:138: last_tick = t;                
      000118 85*0C*0A         [24] 1039 	mov	_last_tick,_t
      00011B 85*0D*0B         [24] 1040 	mov	(_last_tick + 1),(_t + 1)
                                   1041 ;	watchdog-testing.c:139: wdtCounter = 0;
      00011E E4               [12] 1042 	clr	a
      00011F F5*04            [12] 1043 	mov	_wdtCounter,a
      000121 F5*05            [12] 1044 	mov	(_wdtCounter + 1),a
      000123 80 02            [24] 1045 	sjmp	00110$
      000125                       1046 00107$:
                                   1047 ;	watchdog-testing.c:141: ledON = 0;
                                   1048 ;	assignBit
      000125 C2*02            [12] 1049 	clr	_ledON
      000127                       1050 00110$:
                                   1051 ;	watchdog-testing.c:145: if (ledON) {
      000127 30*02 30         [24] 1052 	jnb	_ledON,00115$
                                   1053 ;	watchdog-testing.c:146: blink_led(t);
      00012A 85*0C 82         [24] 1054 	mov	dpl, _t
      00012D 85*0D 83         [24] 1055 	mov	dph, (_t + 1)
      000130 12r00r91         [24] 1056 	lcall	_blink_led
                                   1057 ;	watchdog-testing.c:148: if ((t - last_tick) >= 200) {
      000133 E5*0C            [12] 1058 	mov	a,_t
      000135 C3               [12] 1059 	clr	c
      000136 95*0A            [12] 1060 	subb	a,_last_tick
      000138 FE               [12] 1061 	mov	r6,a
      000139 E5*0D            [12] 1062 	mov	a,(_t + 1)
      00013B 95*0B            [12] 1063 	subb	a,(_last_tick + 1)
      00013D FF               [12] 1064 	mov	r7,a
      00013E C3               [12] 1065 	clr	c
      00013F EE               [12] 1066 	mov	a,r6
      000140 94 C8            [12] 1067 	subb	a,#0xc8
      000142 EF               [12] 1068 	mov	a,r7
      000143 94 00            [12] 1069 	subb	a,#0x00
      000145 40 13            [24] 1070 	jc	00115$
                                   1071 ;	watchdog-testing.c:150: last_tick = t;
      000147 85*0C*0A         [24] 1072 	mov	_last_tick,_t
      00014A 85*0D*0B         [24] 1073 	mov	(_last_tick + 1),(_t + 1)
                                   1074 ;	watchdog-testing.c:152: wdtCounter++;
      00014D AE*04            [24] 1075 	mov	r6,_wdtCounter
      00014F AF*05            [24] 1076 	mov	r7,(_wdtCounter + 1)
      000151 74 01            [12] 1077 	mov	a,#0x01
      000153 2E               [12] 1078 	add	a, r6
      000154 F5*04            [12] 1079 	mov	_wdtCounter,a
      000156 E4               [12] 1080 	clr	a
      000157 3F               [12] 1081 	addc	a, r7
      000158 F5*05            [12] 1082 	mov	(_wdtCounter + 1),a
      00015A                       1083 00115$:
                                   1084 ;	watchdog-testing.c:157: if (wdtCounter >= 4) {
      00015A C3               [12] 1085 	clr	c
      00015B E5*04            [12] 1086 	mov	a,_wdtCounter
      00015D 94 04            [12] 1087 	subb	a,#0x04
      00015F E5*05            [12] 1088 	mov	a,(_wdtCounter + 1)
      000161 94 00            [12] 1089 	subb	a,#0x00
      000163 50 03            [24] 1090 	jnc	00200$
      000165 02r00rD8         [24] 1091 	ljmp	00122$
      000168                       1092 00200$:
                                   1093 ;	watchdog-testing.c:158: SAFE_MOD = 0x55;
      000168 75 A1 55         [24] 1094 	mov	_SAFE_MOD,#0x55
                                   1095 ;	watchdog-testing.c:159: SAFE_MOD = 0xAA;
      00016B 75 A1 AA         [24] 1096 	mov	_SAFE_MOD,#0xaa
                                   1097 ;	watchdog-testing.c:160: USB_CTRL = 0x00;
      00016E 75 E2 00         [24] 1098 	mov	_USB_CTRL,#0x00
                                   1099 ;	watchdog-testing.c:161: SAFE_MOD = 0x00;
      000171 75 A1 00         [24] 1100 	mov	_SAFE_MOD,#0x00
                                   1101 ;	watchdog-testing.c:162: EA = 0;
                                   1102 ;	assignBit
      000174 C2 AF            [12] 1103 	clr	_EA
                                   1104 ;	watchdog-testing.c:163: while (1) { __asm nop __endasm; }
      000176                       1105 00117$:
      000176 00               [12] 1106 	nop	
                                   1107 ;	watchdog-testing.c:166: }
      000177 80 FD            [24] 1108 	sjmp	00117$
                                   1109 	.area CSEG    (CODE)
                                   1110 	.area CONST   (CODE)
                                   1111 	.area XINIT   (CODE)
                                   1112 	.area CABS    (ABS,CODE)
