                                      1 ;--------------------------------------------------------
                                      2 ; File Created by SDCC : free open source ISO C Compiler
                                      3 ; Version 4.5.0 #15242 (MINGW64)
                                      4 ;--------------------------------------------------------
                                      5 	.module watchdog_testing
                                      6 	
                                      7 	.optsdcc -mmcs51 --model-small
                                      8 ;--------------------------------------------------------
                                      9 ; Public variables in this module
                                     10 ;--------------------------------------------------------
                                     11 	.globl _main
                                     12 	.globl _extint1_init
                                     13 	.globl _timer0_init
                                     14 	.globl _UIF_BUS_RST
                                     15 	.globl _UIF_DETECT
                                     16 	.globl _UIF_TRANSFER
                                     17 	.globl _UIF_SUSPEND
                                     18 	.globl _UIF_HST_SOF
                                     19 	.globl _UIF_FIFO_OV
                                     20 	.globl _U_SIE_FREE
                                     21 	.globl _U_TOG_OK
                                     22 	.globl _U_IS_NAK
                                     23 	.globl _ADC_CHAN0
                                     24 	.globl _ADC_CHAN1
                                     25 	.globl _CMP_CHAN
                                     26 	.globl _ADC_START
                                     27 	.globl _ADC_IF
                                     28 	.globl _CMP_IF
                                     29 	.globl _CMPO
                                     30 	.globl _U1RI
                                     31 	.globl _U1TI
                                     32 	.globl _U1RB8
                                     33 	.globl _U1TB8
                                     34 	.globl _U1REN
                                     35 	.globl _U1SMOD
                                     36 	.globl _U1SM0
                                     37 	.globl _S0_R_FIFO
                                     38 	.globl _S0_T_FIFO
                                     39 	.globl _S0_FREE
                                     40 	.globl _S0_IF_BYTE
                                     41 	.globl _S0_IF_FIRST
                                     42 	.globl _S0_IF_OV
                                     43 	.globl _S0_FST_ACT
                                     44 	.globl _CP_RL2
                                     45 	.globl _C_T2
                                     46 	.globl _TR2
                                     47 	.globl _EXEN2
                                     48 	.globl _TCLK
                                     49 	.globl _RCLK
                                     50 	.globl _EXF2
                                     51 	.globl _CAP1F
                                     52 	.globl _TF2
                                     53 	.globl _RI
                                     54 	.globl _TI
                                     55 	.globl _RB8
                                     56 	.globl _TB8
                                     57 	.globl _REN
                                     58 	.globl _SM2
                                     59 	.globl _SM1
                                     60 	.globl _SM0
                                     61 	.globl _IT0
                                     62 	.globl _IE0
                                     63 	.globl _IT1
                                     64 	.globl _IE1
                                     65 	.globl _TR0
                                     66 	.globl _TF0
                                     67 	.globl _TR1
                                     68 	.globl _TF1
                                     69 	.globl _RXD
                                     70 	.globl _PWM1_
                                     71 	.globl _TXD
                                     72 	.globl _PWM2_
                                     73 	.globl _AIN3
                                     74 	.globl _VBUS1
                                     75 	.globl _INT0
                                     76 	.globl _TXD1_
                                     77 	.globl _INT1
                                     78 	.globl _T0
                                     79 	.globl _RXD1_
                                     80 	.globl _PWM2
                                     81 	.globl _T1
                                     82 	.globl _UDP
                                     83 	.globl _UDM
                                     84 	.globl _TIN0
                                     85 	.globl _CAP1
                                     86 	.globl _T2
                                     87 	.globl _AIN0
                                     88 	.globl _VBUS2
                                     89 	.globl _TIN1
                                     90 	.globl _CAP2
                                     91 	.globl _T2EX
                                     92 	.globl _RXD_
                                     93 	.globl _TXD_
                                     94 	.globl _AIN1
                                     95 	.globl _UCC1
                                     96 	.globl _TIN2
                                     97 	.globl _SCS
                                     98 	.globl _CAP1_
                                     99 	.globl _T2_
                                    100 	.globl _AIN2
                                    101 	.globl _UCC2
                                    102 	.globl _TIN3
                                    103 	.globl _PWM1
                                    104 	.globl _MOSI
                                    105 	.globl _TIN4
                                    106 	.globl _RXD1
                                    107 	.globl _MISO
                                    108 	.globl _TIN5
                                    109 	.globl _TXD1
                                    110 	.globl _SCK
                                    111 	.globl _IE_SPI0
                                    112 	.globl _IE_TKEY
                                    113 	.globl _IE_USB
                                    114 	.globl _IE_ADC
                                    115 	.globl _IE_UART1
                                    116 	.globl _IE_PWMX
                                    117 	.globl _IE_GPIO
                                    118 	.globl _IE_WDOG
                                    119 	.globl _PX0
                                    120 	.globl _PT0
                                    121 	.globl _PX1
                                    122 	.globl _PT1
                                    123 	.globl _PS
                                    124 	.globl _PT2
                                    125 	.globl _PL_FLAG
                                    126 	.globl _PH_FLAG
                                    127 	.globl _EX0
                                    128 	.globl _ET0
                                    129 	.globl _EX1
                                    130 	.globl _ET1
                                    131 	.globl _ES
                                    132 	.globl _ET2
                                    133 	.globl _E_DIS
                                    134 	.globl _EA
                                    135 	.globl _P
                                    136 	.globl _F1
                                    137 	.globl _OV
                                    138 	.globl _RS0
                                    139 	.globl _RS1
                                    140 	.globl _F0
                                    141 	.globl _AC
                                    142 	.globl _CY
                                    143 	.globl _UEP1_DMA_H
                                    144 	.globl _UEP1_DMA_L
                                    145 	.globl _UEP1_DMA
                                    146 	.globl _UEP0_DMA_H
                                    147 	.globl _UEP0_DMA_L
                                    148 	.globl _UEP0_DMA
                                    149 	.globl _UEP2_3_MOD
                                    150 	.globl _UEP4_1_MOD
                                    151 	.globl _UEP3_DMA_H
                                    152 	.globl _UEP3_DMA_L
                                    153 	.globl _UEP3_DMA
                                    154 	.globl _UEP2_DMA_H
                                    155 	.globl _UEP2_DMA_L
                                    156 	.globl _UEP2_DMA
                                    157 	.globl _USB_DEV_AD
                                    158 	.globl _USB_CTRL
                                    159 	.globl _USB_INT_EN
                                    160 	.globl _UEP4_T_LEN
                                    161 	.globl _UEP4_CTRL
                                    162 	.globl _UEP0_T_LEN
                                    163 	.globl _UEP0_CTRL
                                    164 	.globl _USB_RX_LEN
                                    165 	.globl _USB_MIS_ST
                                    166 	.globl _USB_INT_ST
                                    167 	.globl _USB_INT_FG
                                    168 	.globl _UEP3_T_LEN
                                    169 	.globl _UEP3_CTRL
                                    170 	.globl _UEP2_T_LEN
                                    171 	.globl _UEP2_CTRL
                                    172 	.globl _UEP1_T_LEN
                                    173 	.globl _UEP1_CTRL
                                    174 	.globl _UDEV_CTRL
                                    175 	.globl _USB_C_CTRL
                                    176 	.globl _TKEY_DATH
                                    177 	.globl _TKEY_DATL
                                    178 	.globl _TKEY_DAT
                                    179 	.globl _TKEY_CTRL
                                    180 	.globl _ADC_DATA
                                    181 	.globl _ADC_CFG
                                    182 	.globl _ADC_CTRL
                                    183 	.globl _SBAUD1
                                    184 	.globl _SBUF1
                                    185 	.globl _SCON1
                                    186 	.globl _SPI0_SETUP
                                    187 	.globl _SPI0_CK_SE
                                    188 	.globl _SPI0_CTRL
                                    189 	.globl _SPI0_DATA
                                    190 	.globl _SPI0_STAT
                                    191 	.globl _PWM_CK_SE
                                    192 	.globl _PWM_CTRL
                                    193 	.globl _PWM_DATA1
                                    194 	.globl _PWM_DATA2
                                    195 	.globl _T2CAP1H
                                    196 	.globl _T2CAP1L
                                    197 	.globl _T2CAP1
                                    198 	.globl _TH2
                                    199 	.globl _TL2
                                    200 	.globl _T2COUNT
                                    201 	.globl _RCAP2H
                                    202 	.globl _RCAP2L
                                    203 	.globl _RCAP2
                                    204 	.globl _T2MOD
                                    205 	.globl _T2CON
                                    206 	.globl _SBUF
                                    207 	.globl _SCON
                                    208 	.globl _TH1
                                    209 	.globl _TH0
                                    210 	.globl _TL1
                                    211 	.globl _TL0
                                    212 	.globl _TMOD
                                    213 	.globl _TCON
                                    214 	.globl _XBUS_AUX
                                    215 	.globl _PIN_FUNC
                                    216 	.globl _P3_DIR_PU
                                    217 	.globl _P3_MOD_OC
                                    218 	.globl _P3
                                    219 	.globl _P2
                                    220 	.globl _P1_DIR_PU
                                    221 	.globl _P1_MOD_OC
                                    222 	.globl _P1
                                    223 	.globl _ROM_CTRL
                                    224 	.globl _ROM_DATA_H
                                    225 	.globl _ROM_DATA_L
                                    226 	.globl _ROM_DATA
                                    227 	.globl _ROM_ADDR_H
                                    228 	.globl _ROM_ADDR_L
                                    229 	.globl _ROM_ADDR
                                    230 	.globl _GPIO_IE
                                    231 	.globl _IP_EX
                                    232 	.globl _IE_EX
                                    233 	.globl _IP
                                    234 	.globl _IE
                                    235 	.globl _WDOG_COUNT
                                    236 	.globl _RESET_KEEP
                                    237 	.globl _WAKE_CTRL
                                    238 	.globl _CLOCK_CFG
                                    239 	.globl _PCON
                                    240 	.globl _GLOBAL_CFG
                                    241 	.globl _SAFE_MOD
                                    242 	.globl _DPH
                                    243 	.globl _DPL
                                    244 	.globl _SP
                                    245 	.globl _B
                                    246 	.globl _ACC
                                    247 	.globl _PSW
                                    248 	.globl _ledON
                                    249 	.globl _debounce
                                    250 	.globl _button_irq
                                    251 	.globl _t
                                    252 	.globl _counter
                                    253 	.globl _serialTime
                                    254 	.globl _wdtCounter
                                    255 	.globl _debounceTimer
                                    256 	.globl _tick_10ms
                                    257 	.globl _clock_init
                                    258 	.globl _INT1_ISR
                                    259 	.globl _timer0_ISR
                                    260 	.globl _blink_led
                                    261 ;--------------------------------------------------------
                                    262 ; special function registers
                                    263 ;--------------------------------------------------------
                                    264 	.area RSEG    (ABS,DATA)
      000000                        265 	.org 0x0000
                           0000D0   266 _PSW	=	0x00d0
                           0000E0   267 _ACC	=	0x00e0
                           0000F0   268 _B	=	0x00f0
                           000081   269 _SP	=	0x0081
                           000082   270 _DPL	=	0x0082
                           000083   271 _DPH	=	0x0083
                           0000A1   272 _SAFE_MOD	=	0x00a1
                           0000B1   273 _GLOBAL_CFG	=	0x00b1
                           000087   274 _PCON	=	0x0087
                           0000B9   275 _CLOCK_CFG	=	0x00b9
                           0000A9   276 _WAKE_CTRL	=	0x00a9
                           0000FE   277 _RESET_KEEP	=	0x00fe
                           0000FF   278 _WDOG_COUNT	=	0x00ff
                           0000A8   279 _IE	=	0x00a8
                           0000B8   280 _IP	=	0x00b8
                           0000E8   281 _IE_EX	=	0x00e8
                           0000E9   282 _IP_EX	=	0x00e9
                           0000C7   283 _GPIO_IE	=	0x00c7
                           008584   284 _ROM_ADDR	=	0x8584
                           000084   285 _ROM_ADDR_L	=	0x0084
                           000085   286 _ROM_ADDR_H	=	0x0085
                           008F8E   287 _ROM_DATA	=	0x8f8e
                           00008E   288 _ROM_DATA_L	=	0x008e
                           00008F   289 _ROM_DATA_H	=	0x008f
                           000086   290 _ROM_CTRL	=	0x0086
                           000090   291 _P1	=	0x0090
                           000092   292 _P1_MOD_OC	=	0x0092
                           000093   293 _P1_DIR_PU	=	0x0093
                           0000A0   294 _P2	=	0x00a0
                           0000B0   295 _P3	=	0x00b0
                           000096   296 _P3_MOD_OC	=	0x0096
                           000097   297 _P3_DIR_PU	=	0x0097
                           0000C6   298 _PIN_FUNC	=	0x00c6
                           0000A2   299 _XBUS_AUX	=	0x00a2
                           000088   300 _TCON	=	0x0088
                           000089   301 _TMOD	=	0x0089
                           00008A   302 _TL0	=	0x008a
                           00008B   303 _TL1	=	0x008b
                           00008C   304 _TH0	=	0x008c
                           00008D   305 _TH1	=	0x008d
                           000098   306 _SCON	=	0x0098
                           000099   307 _SBUF	=	0x0099
                           0000C8   308 _T2CON	=	0x00c8
                           0000C9   309 _T2MOD	=	0x00c9
                           00CBCA   310 _RCAP2	=	0xcbca
                           0000CA   311 _RCAP2L	=	0x00ca
                           0000CB   312 _RCAP2H	=	0x00cb
                           00CDCC   313 _T2COUNT	=	0xcdcc
                           0000CC   314 _TL2	=	0x00cc
                           0000CD   315 _TH2	=	0x00cd
                           00CFCE   316 _T2CAP1	=	0xcfce
                           0000CE   317 _T2CAP1L	=	0x00ce
                           0000CF   318 _T2CAP1H	=	0x00cf
                           00009B   319 _PWM_DATA2	=	0x009b
                           00009C   320 _PWM_DATA1	=	0x009c
                           00009D   321 _PWM_CTRL	=	0x009d
                           00009E   322 _PWM_CK_SE	=	0x009e
                           0000F8   323 _SPI0_STAT	=	0x00f8
                           0000F9   324 _SPI0_DATA	=	0x00f9
                           0000FA   325 _SPI0_CTRL	=	0x00fa
                           0000FB   326 _SPI0_CK_SE	=	0x00fb
                           0000FC   327 _SPI0_SETUP	=	0x00fc
                           0000C0   328 _SCON1	=	0x00c0
                           0000C1   329 _SBUF1	=	0x00c1
                           0000C2   330 _SBAUD1	=	0x00c2
                           000080   331 _ADC_CTRL	=	0x0080
                           00009A   332 _ADC_CFG	=	0x009a
                           00009F   333 _ADC_DATA	=	0x009f
                           0000C3   334 _TKEY_CTRL	=	0x00c3
                           00C5C4   335 _TKEY_DAT	=	0xc5c4
                           0000C4   336 _TKEY_DATL	=	0x00c4
                           0000C5   337 _TKEY_DATH	=	0x00c5
                           000091   338 _USB_C_CTRL	=	0x0091
                           0000D1   339 _UDEV_CTRL	=	0x00d1
                           0000D2   340 _UEP1_CTRL	=	0x00d2
                           0000D3   341 _UEP1_T_LEN	=	0x00d3
                           0000D4   342 _UEP2_CTRL	=	0x00d4
                           0000D5   343 _UEP2_T_LEN	=	0x00d5
                           0000D6   344 _UEP3_CTRL	=	0x00d6
                           0000D7   345 _UEP3_T_LEN	=	0x00d7
                           0000D8   346 _USB_INT_FG	=	0x00d8
                           0000D9   347 _USB_INT_ST	=	0x00d9
                           0000DA   348 _USB_MIS_ST	=	0x00da
                           0000DB   349 _USB_RX_LEN	=	0x00db
                           0000DC   350 _UEP0_CTRL	=	0x00dc
                           0000DD   351 _UEP0_T_LEN	=	0x00dd
                           0000DE   352 _UEP4_CTRL	=	0x00de
                           0000DF   353 _UEP4_T_LEN	=	0x00df
                           0000E1   354 _USB_INT_EN	=	0x00e1
                           0000E2   355 _USB_CTRL	=	0x00e2
                           0000E3   356 _USB_DEV_AD	=	0x00e3
                           00E5E4   357 _UEP2_DMA	=	0xe5e4
                           0000E4   358 _UEP2_DMA_L	=	0x00e4
                           0000E5   359 _UEP2_DMA_H	=	0x00e5
                           00E7E6   360 _UEP3_DMA	=	0xe7e6
                           0000E6   361 _UEP3_DMA_L	=	0x00e6
                           0000E7   362 _UEP3_DMA_H	=	0x00e7
                           0000EA   363 _UEP4_1_MOD	=	0x00ea
                           0000EB   364 _UEP2_3_MOD	=	0x00eb
                           00EDEC   365 _UEP0_DMA	=	0xedec
                           0000EC   366 _UEP0_DMA_L	=	0x00ec
                           0000ED   367 _UEP0_DMA_H	=	0x00ed
                           00EFEE   368 _UEP1_DMA	=	0xefee
                           0000EE   369 _UEP1_DMA_L	=	0x00ee
                           0000EF   370 _UEP1_DMA_H	=	0x00ef
                                    371 ;--------------------------------------------------------
                                    372 ; special function bits
                                    373 ;--------------------------------------------------------
                                    374 	.area RSEG    (ABS,DATA)
      000000                        375 	.org 0x0000
                           0000D7   376 _CY	=	0x00d7
                           0000D6   377 _AC	=	0x00d6
                           0000D5   378 _F0	=	0x00d5
                           0000D4   379 _RS1	=	0x00d4
                           0000D3   380 _RS0	=	0x00d3
                           0000D2   381 _OV	=	0x00d2
                           0000D1   382 _F1	=	0x00d1
                           0000D0   383 _P	=	0x00d0
                           0000AF   384 _EA	=	0x00af
                           0000AE   385 _E_DIS	=	0x00ae
                           0000AD   386 _ET2	=	0x00ad
                           0000AC   387 _ES	=	0x00ac
                           0000AB   388 _ET1	=	0x00ab
                           0000AA   389 _EX1	=	0x00aa
                           0000A9   390 _ET0	=	0x00a9
                           0000A8   391 _EX0	=	0x00a8
                           0000BF   392 _PH_FLAG	=	0x00bf
                           0000BE   393 _PL_FLAG	=	0x00be
                           0000BD   394 _PT2	=	0x00bd
                           0000BC   395 _PS	=	0x00bc
                           0000BB   396 _PT1	=	0x00bb
                           0000BA   397 _PX1	=	0x00ba
                           0000B9   398 _PT0	=	0x00b9
                           0000B8   399 _PX0	=	0x00b8
                           0000EF   400 _IE_WDOG	=	0x00ef
                           0000EE   401 _IE_GPIO	=	0x00ee
                           0000ED   402 _IE_PWMX	=	0x00ed
                           0000EC   403 _IE_UART1	=	0x00ec
                           0000EB   404 _IE_ADC	=	0x00eb
                           0000EA   405 _IE_USB	=	0x00ea
                           0000E9   406 _IE_TKEY	=	0x00e9
                           0000E8   407 _IE_SPI0	=	0x00e8
                           000097   408 _SCK	=	0x0097
                           000097   409 _TXD1	=	0x0097
                           000097   410 _TIN5	=	0x0097
                           000096   411 _MISO	=	0x0096
                           000096   412 _RXD1	=	0x0096
                           000096   413 _TIN4	=	0x0096
                           000095   414 _MOSI	=	0x0095
                           000095   415 _PWM1	=	0x0095
                           000095   416 _TIN3	=	0x0095
                           000095   417 _UCC2	=	0x0095
                           000095   418 _AIN2	=	0x0095
                           000094   419 _T2_	=	0x0094
                           000094   420 _CAP1_	=	0x0094
                           000094   421 _SCS	=	0x0094
                           000094   422 _TIN2	=	0x0094
                           000094   423 _UCC1	=	0x0094
                           000094   424 _AIN1	=	0x0094
                           000093   425 _TXD_	=	0x0093
                           000092   426 _RXD_	=	0x0092
                           000091   427 _T2EX	=	0x0091
                           000091   428 _CAP2	=	0x0091
                           000091   429 _TIN1	=	0x0091
                           000091   430 _VBUS2	=	0x0091
                           000091   431 _AIN0	=	0x0091
                           000090   432 _T2	=	0x0090
                           000090   433 _CAP1	=	0x0090
                           000090   434 _TIN0	=	0x0090
                           0000B7   435 _UDM	=	0x00b7
                           0000B6   436 _UDP	=	0x00b6
                           0000B5   437 _T1	=	0x00b5
                           0000B4   438 _PWM2	=	0x00b4
                           0000B4   439 _RXD1_	=	0x00b4
                           0000B4   440 _T0	=	0x00b4
                           0000B3   441 _INT1	=	0x00b3
                           0000B2   442 _TXD1_	=	0x00b2
                           0000B2   443 _INT0	=	0x00b2
                           0000B2   444 _VBUS1	=	0x00b2
                           0000B2   445 _AIN3	=	0x00b2
                           0000B1   446 _PWM2_	=	0x00b1
                           0000B1   447 _TXD	=	0x00b1
                           0000B0   448 _PWM1_	=	0x00b0
                           0000B0   449 _RXD	=	0x00b0
                           00008F   450 _TF1	=	0x008f
                           00008E   451 _TR1	=	0x008e
                           00008D   452 _TF0	=	0x008d
                           00008C   453 _TR0	=	0x008c
                           00008B   454 _IE1	=	0x008b
                           00008A   455 _IT1	=	0x008a
                           000089   456 _IE0	=	0x0089
                           000088   457 _IT0	=	0x0088
                           00009F   458 _SM0	=	0x009f
                           00009E   459 _SM1	=	0x009e
                           00009D   460 _SM2	=	0x009d
                           00009C   461 _REN	=	0x009c
                           00009B   462 _TB8	=	0x009b
                           00009A   463 _RB8	=	0x009a
                           000099   464 _TI	=	0x0099
                           000098   465 _RI	=	0x0098
                           0000CF   466 _TF2	=	0x00cf
                           0000CF   467 _CAP1F	=	0x00cf
                           0000CE   468 _EXF2	=	0x00ce
                           0000CD   469 _RCLK	=	0x00cd
                           0000CC   470 _TCLK	=	0x00cc
                           0000CB   471 _EXEN2	=	0x00cb
                           0000CA   472 _TR2	=	0x00ca
                           0000C9   473 _C_T2	=	0x00c9
                           0000C8   474 _CP_RL2	=	0x00c8
                           0000FF   475 _S0_FST_ACT	=	0x00ff
                           0000FE   476 _S0_IF_OV	=	0x00fe
                           0000FD   477 _S0_IF_FIRST	=	0x00fd
                           0000FC   478 _S0_IF_BYTE	=	0x00fc
                           0000FB   479 _S0_FREE	=	0x00fb
                           0000FA   480 _S0_T_FIFO	=	0x00fa
                           0000F8   481 _S0_R_FIFO	=	0x00f8
                           0000C7   482 _U1SM0	=	0x00c7
                           0000C5   483 _U1SMOD	=	0x00c5
                           0000C4   484 _U1REN	=	0x00c4
                           0000C3   485 _U1TB8	=	0x00c3
                           0000C2   486 _U1RB8	=	0x00c2
                           0000C1   487 _U1TI	=	0x00c1
                           0000C0   488 _U1RI	=	0x00c0
                           000087   489 _CMPO	=	0x0087
                           000086   490 _CMP_IF	=	0x0086
                           000085   491 _ADC_IF	=	0x0085
                           000084   492 _ADC_START	=	0x0084
                           000083   493 _CMP_CHAN	=	0x0083
                           000081   494 _ADC_CHAN1	=	0x0081
                           000080   495 _ADC_CHAN0	=	0x0080
                           0000DF   496 _U_IS_NAK	=	0x00df
                           0000DE   497 _U_TOG_OK	=	0x00de
                           0000DD   498 _U_SIE_FREE	=	0x00dd
                           0000DC   499 _UIF_FIFO_OV	=	0x00dc
                           0000DB   500 _UIF_HST_SOF	=	0x00db
                           0000DA   501 _UIF_SUSPEND	=	0x00da
                           0000D9   502 _UIF_TRANSFER	=	0x00d9
                           0000D8   503 _UIF_DETECT	=	0x00d8
                           0000D8   504 _UIF_BUS_RST	=	0x00d8
                                    505 ;--------------------------------------------------------
                                    506 ; overlayable register banks
                                    507 ;--------------------------------------------------------
                                    508 	.area REG_BANK_0	(REL,OVR,DATA)
      000000                        509 	.ds 8
                                    510 	.area REG_BANK_1	(REL,OVR,DATA)
      000000                        511 	.ds 8
                                    512 ;--------------------------------------------------------
                                    513 ; internal ram data
                                    514 ;--------------------------------------------------------
                                    515 	.area DSEG    (DATA)
      000000                        516 _tick_10ms::
      000000                        517 	.ds 2
      000002                        518 _debounceTimer::
      000002                        519 	.ds 2
      000004                        520 _wdtCounter::
      000004                        521 	.ds 2
      000006                        522 _serialTime::
      000006                        523 	.ds 2
      000008                        524 _counter::
      000008                        525 	.ds 2
      00000A                        526 _t::
      00000A                        527 	.ds 2
      00000C                        528 _blink_base:
      00000C                        529 	.ds 2
                                    530 ;--------------------------------------------------------
                                    531 ; overlayable items in internal ram
                                    532 ;--------------------------------------------------------
                                    533 	.area	OSEG    (OVR,DATA)
                                    534 ;--------------------------------------------------------
                                    535 ; Stack segment in internal ram
                                    536 ;--------------------------------------------------------
                                    537 	.area SSEG
      000000                        538 __start__stack:
      000000                        539 	.ds	1
                                    540 
                                    541 ;--------------------------------------------------------
                                    542 ; indirectly addressable internal ram data
                                    543 ;--------------------------------------------------------
                                    544 	.area ISEG    (DATA)
                                    545 ;--------------------------------------------------------
                                    546 ; absolute internal ram data
                                    547 ;--------------------------------------------------------
                                    548 	.area IABS    (ABS,DATA)
                                    549 	.area IABS    (ABS,DATA)
                                    550 ;--------------------------------------------------------
                                    551 ; bit data
                                    552 ;--------------------------------------------------------
                                    553 	.area BSEG    (BIT)
      000000                        554 _button_irq::
      000000                        555 	.ds 1
      000001                        556 _debounce::
      000001                        557 	.ds 1
      000002                        558 _ledON::
      000002                        559 	.ds 1
      000003                        560 _wdt_started:
      000003                        561 	.ds 1
                                    562 ;--------------------------------------------------------
                                    563 ; paged external ram data
                                    564 ;--------------------------------------------------------
                                    565 	.area PSEG    (PAG,XDATA)
                                    566 ;--------------------------------------------------------
                                    567 ; uninitialized external ram data
                                    568 ;--------------------------------------------------------
                                    569 	.area XSEG    (XDATA)
                                    570 ;--------------------------------------------------------
                                    571 ; absolute external ram data
                                    572 ;--------------------------------------------------------
                                    573 	.area XABS    (ABS,XDATA)
                                    574 ;--------------------------------------------------------
                                    575 ; initialized external ram data
                                    576 ;--------------------------------------------------------
                                    577 	.area XISEG   (XDATA)
                                    578 	.area HOME    (CODE)
                                    579 	.area GSINIT0 (CODE)
                                    580 	.area GSINIT1 (CODE)
                                    581 	.area GSINIT2 (CODE)
                                    582 	.area GSINIT3 (CODE)
                                    583 	.area GSINIT4 (CODE)
                                    584 	.area GSINIT5 (CODE)
                                    585 	.area GSINIT  (CODE)
                                    586 	.area GSFINAL (CODE)
                                    587 	.area CSEG    (CODE)
                                    588 ;--------------------------------------------------------
                                    589 ; interrupt vector
                                    590 ;--------------------------------------------------------
                                    591 	.area HOME    (CODE)
      000000                        592 __interrupt_vect:
      000000 02r00r00         [24]  593 	ljmp	__sdcc_gsinit_startup
      000003 32               [24]  594 	reti
      000004                        595 	.ds	7
      00000B 02r00r26         [24]  596 	ljmp	_timer0_ISR
      00000E                        597 	.ds	5
      000013 02r00r15         [24]  598 	ljmp	_INT1_ISR
                                    599 ; restartable atomic support routines
      000016                        600 	.ds	2
      000018                        601 sdcc_atomic_exchange_rollback_start::
      000018 00               [12]  602 	nop
      000019 00               [12]  603 	nop
      00001A                        604 sdcc_atomic_exchange_pdata_impl:
      00001A E2               [24]  605 	movx	a, @r0
      00001B FB               [12]  606 	mov	r3, a
      00001C EA               [12]  607 	mov	a, r2
      00001D F2               [24]  608 	movx	@r0, a
      00001E 80 2C            [24]  609 	sjmp	sdcc_atomic_exchange_exit
      000020 00               [12]  610 	nop
      000021 00               [12]  611 	nop
      000022                        612 sdcc_atomic_exchange_xdata_impl:
      000022 E0               [24]  613 	movx	a, @dptr
      000023 FB               [12]  614 	mov	r3, a
      000024 EA               [12]  615 	mov	a, r2
      000025 F0               [24]  616 	movx	@dptr, a
      000026 80 24            [24]  617 	sjmp	sdcc_atomic_exchange_exit
      000028                        618 sdcc_atomic_compare_exchange_idata_impl:
      000028 E6               [12]  619 	mov	a, @r0
      000029 B5 02 02         [24]  620 	cjne	a, ar2, .+#5
      00002C EB               [12]  621 	mov	a, r3
      00002D F6               [12]  622 	mov	@r0, a
      00002E 22               [24]  623 	ret
      00002F 00               [12]  624 	nop
      000030                        625 sdcc_atomic_compare_exchange_pdata_impl:
      000030 E2               [24]  626 	movx	a, @r0
      000031 B5 02 02         [24]  627 	cjne	a, ar2, .+#5
      000034 EB               [12]  628 	mov	a, r3
      000035 F2               [24]  629 	movx	@r0, a
      000036 22               [24]  630 	ret
      000037 00               [12]  631 	nop
      000038                        632 sdcc_atomic_compare_exchange_xdata_impl:
      000038 E0               [24]  633 	movx	a, @dptr
      000039 B5 02 02         [24]  634 	cjne	a, ar2, .+#5
      00003C EB               [12]  635 	mov	a, r3
      00003D F0               [24]  636 	movx	@dptr, a
      00003E 22               [24]  637 	ret
      00003F                        638 sdcc_atomic_exchange_rollback_end::
                                    639 
      00003F                        640 sdcc_atomic_exchange_gptr_impl::
      00003F 30 F6 E0         [24]  641 	jnb	b.6, sdcc_atomic_exchange_xdata_impl
      000042 A8 82            [24]  642 	mov	r0, dpl
      000044 20 F5 D3         [24]  643 	jb	b.5, sdcc_atomic_exchange_pdata_impl
      000047                        644 sdcc_atomic_exchange_idata_impl:
      000047 EA               [12]  645 	mov	a, r2
      000048 C6               [12]  646 	xch	a, @r0
      000049 F5 82            [12]  647 	mov	dpl, a
      00004B 22               [24]  648 	ret
      00004C                        649 sdcc_atomic_exchange_exit:
      00004C 8B 82            [24]  650 	mov	dpl, r3
      00004E 22               [24]  651 	ret
      00004F                        652 sdcc_atomic_compare_exchange_gptr_impl::
      00004F 30 F6 E6         [24]  653 	jnb	b.6, sdcc_atomic_compare_exchange_xdata_impl
      000052 A8 82            [24]  654 	mov	r0, dpl
      000054 20 F5 D9         [24]  655 	jb	b.5, sdcc_atomic_compare_exchange_pdata_impl
      000057 80 CF            [24]  656 	sjmp	sdcc_atomic_compare_exchange_idata_impl
                                    657 ;--------------------------------------------------------
                                    658 ; global & static initialisations
                                    659 ;--------------------------------------------------------
                                    660 	.area HOME    (CODE)
                                    661 	.area GSINIT  (CODE)
                                    662 	.area GSFINAL (CODE)
                                    663 	.area GSINIT  (CODE)
                                    664 	.globl __sdcc_gsinit_startup
                                    665 	.globl __sdcc_program_startup
                                    666 	.globl __start__stack
                                    667 	.globl __mcs51_genXINIT
                                    668 	.globl __mcs51_genXRAMCLEAR
                                    669 	.globl __mcs51_genRAMCLEAR
                                    670 ;	watchdog-testing.c:5: volatile unsigned int tick_10ms = 0;
      000000 E4               [12]  671 	clr	a
      000001 F5*00            [12]  672 	mov	_tick_10ms,a
      000003 F5*01            [12]  673 	mov	(_tick_10ms + 1),a
                                    674 ;	watchdog-testing.c:6: volatile unsigned int debounceTimer = 0;
      000005 F5*02            [12]  675 	mov	_debounceTimer,a
      000007 F5*03            [12]  676 	mov	(_debounceTimer + 1),a
                                    677 ;	watchdog-testing.c:7: volatile unsigned int wdtCounter = 1;
      000009 75*04 01         [24]  678 	mov	_wdtCounter,#0x01
      00000C F5*05            [12]  679 	mov	(_wdtCounter + 1),a
                                    680 ;	watchdog-testing.c:11: unsigned int serialTime= 0;
      00000E F5*06            [12]  681 	mov	_serialTime,a
      000010 F5*07            [12]  682 	mov	(_serialTime + 1),a
                                    683 ;	watchdog-testing.c:12: unsigned int counter= 0;
      000012 F5*08            [12]  684 	mov	_counter,a
      000014 F5*09            [12]  685 	mov	(_counter + 1),a
                                    686 ;	watchdog-testing.c:15: static unsigned int blink_base = 0;
      000016 F5*0C            [12]  687 	mov	_blink_base,a
      000018 F5*0D            [12]  688 	mov	(_blink_base + 1),a
                                    689 ;	watchdog-testing.c:8: volatile __bit button_irq = 0;
                                    690 ;	assignBit
      00001A C2*00            [12]  691 	clr	_button_irq
                                    692 ;	watchdog-testing.c:9: volatile __bit debounce = 0;
                                    693 ;	assignBit
      00001C C2*01            [12]  694 	clr	_debounce
                                    695 ;	watchdog-testing.c:10: volatile __bit ledON = 0;
                                    696 ;	assignBit
      00001E C2*02            [12]  697 	clr	_ledON
                                    698 ;	watchdog-testing.c:14: static __bit wdt_started = 0;
                                    699 ;	assignBit
      000020 C2*03            [12]  700 	clr	_wdt_started
                                    701 	.area GSFINAL (CODE)
      000000 02r00r59         [24]  702 	ljmp	__sdcc_program_startup
                                    703 ;--------------------------------------------------------
                                    704 ; Home
                                    705 ;--------------------------------------------------------
                                    706 	.area HOME    (CODE)
                                    707 	.area HOME    (CODE)
      000059                        708 __sdcc_program_startup:
      000059 02r00rCA         [24]  709 	ljmp	_main
                                    710 ;	return from main will return to caller
                                    711 ;--------------------------------------------------------
                                    712 ; code
                                    713 ;--------------------------------------------------------
                                    714 	.area CSEG    (CODE)
                                    715 ;------------------------------------------------------------
                                    716 ;Allocation info for local variables in function 'clock_init'
                                    717 ;------------------------------------------------------------
                                    718 ;	watchdog-testing.c:22: void clock_init(void) {
                                    719 ;	-----------------------------------------
                                    720 ;	 function clock_init
                                    721 ;	-----------------------------------------
      000000                        722 _clock_init:
                           000007   723 	ar7 = 0x07
                           000006   724 	ar6 = 0x06
                           000005   725 	ar5 = 0x05
                           000004   726 	ar4 = 0x04
                           000003   727 	ar3 = 0x03
                           000002   728 	ar2 = 0x02
                           000001   729 	ar1 = 0x01
                           000000   730 	ar0 = 0x00
                                    731 ;	watchdog-testing.c:23: SAFE_MOD = 0x55;
      000000 75 A1 55         [24]  732 	mov	_SAFE_MOD,#0x55
                                    733 ;	watchdog-testing.c:24: SAFE_MOD = 0xAA;
      000003 75 A1 AA         [24]  734 	mov	_SAFE_MOD,#0xaa
                                    735 ;	watchdog-testing.c:25: CLOCK_CFG |= bOSC_EN_INT; 
      000006 43 B9 80         [24]  736 	orl	_CLOCK_CFG,#0x80
                                    737 ;	watchdog-testing.c:27: CLOCK_CFG = (CLOCK_CFG & ~MASK_SYS_CK_SEL) | 0x06;
      000009 74 F8            [12]  738 	mov	a,#0xf8
      00000B 55 B9            [12]  739 	anl	a,_CLOCK_CFG
      00000D 44 06            [12]  740 	orl	a,#0x06
      00000F F5 B9            [12]  741 	mov	_CLOCK_CFG,a
                                    742 ;	watchdog-testing.c:29: SAFE_MOD = 0x00;
      000011 75 A1 00         [24]  743 	mov	_SAFE_MOD,#0x00
                                    744 ;	watchdog-testing.c:30: }
      000014 22               [24]  745 	ret
                                    746 ;------------------------------------------------------------
                                    747 ;Allocation info for local variables in function 'INT1_ISR'
                                    748 ;------------------------------------------------------------
                                    749 ;	watchdog-testing.c:31: void INT1_ISR(void) __interrupt (INT_NO_INT1)// You can do __interrupt (2) if you prefer 
                                    750 ;	-----------------------------------------
                                    751 ;	 function INT1_ISR
                                    752 ;	-----------------------------------------
      000015                        753 _INT1_ISR:
      000015 C0 E0            [24]  754 	push	acc
                                    755 ;	watchdog-testing.c:33: if (!(P3 & (1 << 3))) {   // only accept if pin is LOW. This prevents
      000017 E5 B0            [12]  756 	mov	a,_P3
      000019 20 E3 07         [24]  757 	jb	acc.3,00105$
                                    758 ;	watchdog-testing.c:34: if (!debounce) {        // only register if not already debouncing
      00001C 20*01 04         [24]  759 	jb	_debounce,00105$
                                    760 ;	watchdog-testing.c:35: button_irq = 1;
                                    761 ;	assignBit
      00001F D2*00            [12]  762 	setb	_button_irq
                                    763 ;	watchdog-testing.c:36: debounce = 1;       // arm immediately, atomically
                                    764 ;	assignBit
      000021 D2*01            [12]  765 	setb	_debounce
      000023                        766 00105$:
                                    767 ;	watchdog-testing.c:39: }
      000023 D0 E0            [24]  768 	pop	acc
      000025 32               [24]  769 	reti
                                    770 ;	eliminated unneeded mov psw,# (no regs used in bank)
                                    771 ;	eliminated unneeded push/pop not_psw
                                    772 ;	eliminated unneeded push/pop dpl
                                    773 ;	eliminated unneeded push/pop dph
                                    774 ;	eliminated unneeded push/pop b
                                    775 ;------------------------------------------------------------
                                    776 ;Allocation info for local variables in function 'timer0_ISR'
                                    777 ;------------------------------------------------------------
                                    778 ;	watchdog-testing.c:40: void timer0_ISR(void) __interrupt(1) __using(1){ 
                                    779 ;	-----------------------------------------
                                    780 ;	 function timer0_ISR
                                    781 ;	-----------------------------------------
      000026                        782 _timer0_ISR:
                           00000F   783 	ar7 = 0x0f
                           00000E   784 	ar6 = 0x0e
                           00000D   785 	ar5 = 0x0d
                           00000C   786 	ar4 = 0x0c
                           00000B   787 	ar3 = 0x0b
                           00000A   788 	ar2 = 0x0a
                           000009   789 	ar1 = 0x09
                           000008   790 	ar0 = 0x08
      000026 C0 E0            [24]  791 	push	acc
      000028 C0 D0            [24]  792 	push	psw
      00002A 75 D0 08         [24]  793 	mov	psw,#0x08
                                    794 ;	watchdog-testing.c:42: TF0 = 0;  // clear overflow flag (important for robustness)
                                    795 ;	assignBit
      00002D C2 8D            [12]  796 	clr	_TF0
                                    797 ;	watchdog-testing.c:43: TH0 = 0xB1;
      00002F 75 8C B1         [24]  798 	mov	_TH0,#0xb1
                                    799 ;	watchdog-testing.c:44: TL0 = 0xE0;
      000032 75 8A E0         [24]  800 	mov	_TL0,#0xe0
                                    801 ;	watchdog-testing.c:45: tick_10ms++; // this is the 10ms tick for LED blinking
      000035 AE*00            [24]  802 	mov	r6,_tick_10ms
      000037 AF*01            [24]  803 	mov	r7,(_tick_10ms + 1)
      000039 74 01            [12]  804 	mov	a,#0x01
      00003B 2E               [12]  805 	add	a, r6
      00003C F5*00            [12]  806 	mov	_tick_10ms,a
      00003E E4               [12]  807 	clr	a
      00003F 3F               [12]  808 	addc	a, r7
      000040 F5*01            [12]  809 	mov	(_tick_10ms + 1),a
                                    810 ;	watchdog-testing.c:46: serialTime++; // this is the timer for Serial_println transmissions
      000042 05*06            [12]  811 	inc	_serialTime
      000044 E4               [12]  812 	clr	a
      000045 B5*06 02         [24]  813 	cjne	a,_serialTime,00119$
      000048 05*07            [12]  814 	inc	(_serialTime + 1)
      00004A                        815 00119$:
                                    816 ;	watchdog-testing.c:47: if(debounce){ // if external interrupt happened, activate debounce timer
      00004A 30*01 1F         [24]  817 	jnb	_debounce,00105$
                                    818 ;	watchdog-testing.c:48: debounceTimer++;
      00004D AE*02            [24]  819 	mov	r6,_debounceTimer
      00004F AF*03            [24]  820 	mov	r7,(_debounceTimer + 1)
      000051 74 01            [12]  821 	mov	a,#0x01
      000053 2E               [12]  822 	add	a, r6
      000054 F5*02            [12]  823 	mov	_debounceTimer,a
      000056 E4               [12]  824 	clr	a
      000057 3F               [12]  825 	addc	a, r7
      000058 F5*03            [12]  826 	mov	(_debounceTimer + 1),a
                                    827 ;	watchdog-testing.c:49: if(debounceTimer >= 60){ // after 600ms of not detecting the push-button
      00005A C3               [12]  828 	clr	c
      00005B E5*02            [12]  829 	mov	a,_debounceTimer
      00005D 94 3C            [12]  830 	subb	a,#0x3c
      00005F E5*03            [12]  831 	mov	a,(_debounceTimer + 1)
      000061 94 00            [12]  832 	subb	a,#0x00
      000063 40 07            [24]  833 	jc	00105$
                                    834 ;	watchdog-testing.c:50: debounce= 0; // turn debounce delay OFF
                                    835 ;	assignBit
      000065 C2*01            [12]  836 	clr	_debounce
                                    837 ;	watchdog-testing.c:51: debounceTimer= 0; // and clear timer/counter for next time
      000067 E4               [12]  838 	clr	a
      000068 F5*02            [12]  839 	mov	_debounceTimer,a
      00006A F5*03            [12]  840 	mov	(_debounceTimer + 1),a
      00006C                        841 00105$:
                                    842 ;	watchdog-testing.c:54: }
      00006C D0 D0            [24]  843 	pop	psw
      00006E D0 E0            [24]  844 	pop	acc
      000070 32               [24]  845 	reti
                                    846 ;	eliminated unneeded push/pop dpl
                                    847 ;	eliminated unneeded push/pop dph
                                    848 ;	eliminated unneeded push/pop b
                                    849 ;------------------------------------------------------------
                                    850 ;Allocation info for local variables in function 'timer0_init'
                                    851 ;------------------------------------------------------------
                                    852 ;	watchdog-testing.c:58: void timer0_init(void) {
                                    853 ;	-----------------------------------------
                                    854 ;	 function timer0_init
                                    855 ;	-----------------------------------------
      000071                        856 _timer0_init:
                           000007   857 	ar7 = 0x07
                           000006   858 	ar6 = 0x06
                           000005   859 	ar5 = 0x05
                           000004   860 	ar4 = 0x04
                           000003   861 	ar3 = 0x03
                           000002   862 	ar2 = 0x02
                           000001   863 	ar1 = 0x01
                           000000   864 	ar0 = 0x00
                                    865 ;	watchdog-testing.c:60: T2MOD &= ~bTMR_CLK;   // disable fast clock mode
      000071 53 C9 7F         [24]  866 	anl	_T2MOD,#0x7f
                                    867 ;	watchdog-testing.c:61: T2MOD &= ~bT0_CLK;    // Timer0 = Fsys/12
      000074 53 C9 EF         [24]  868 	anl	_T2MOD,#0xef
                                    869 ;	watchdog-testing.c:62: TMOD &= ~0x03;  // clear Timer0 mode bits
      000077 53 89 FC         [24]  870 	anl	_TMOD,#0xfc
                                    871 ;	watchdog-testing.c:63: TMOD |=  0x01;  // Timer0 mode 1: 16-bit
      00007A 43 89 01         [24]  872 	orl	_TMOD,#0x01
                                    873 ;	watchdog-testing.c:66: TH0 = 0xB1;
      00007D 75 8C B1         [24]  874 	mov	_TH0,#0xb1
                                    875 ;	watchdog-testing.c:67: TL0 = 0xE0;
      000080 75 8A E0         [24]  876 	mov	_TL0,#0xe0
                                    877 ;	watchdog-testing.c:69: TF0 = 0;
                                    878 ;	assignBit
      000083 C2 8D            [12]  879 	clr	_TF0
                                    880 ;	watchdog-testing.c:71: ET0 = 1;   // enable Timer0 interrupt
                                    881 ;	assignBit
      000085 D2 A9            [12]  882 	setb	_ET0
                                    883 ;	watchdog-testing.c:72: TR0 = 1;   // start Timer0
                                    884 ;	assignBit
      000087 D2 8C            [12]  885 	setb	_TR0
                                    886 ;	watchdog-testing.c:73: EA = 1;
                                    887 ;	assignBit
      000089 D2 AF            [12]  888 	setb	_EA
                                    889 ;	watchdog-testing.c:74: }
      00008B 22               [24]  890 	ret
                                    891 ;------------------------------------------------------------
                                    892 ;Allocation info for local variables in function 'extint1_init'
                                    893 ;------------------------------------------------------------
                                    894 ;	watchdog-testing.c:75: void extint1_init(void) {
                                    895 ;	-----------------------------------------
                                    896 ;	 function extint1_init
                                    897 ;	-----------------------------------------
      00008C                        898 _extint1_init:
                                    899 ;	watchdog-testing.c:76: IT1 = 1;   // falling edge
                                    900 ;	assignBit
      00008C D2 8A            [12]  901 	setb	_IT1
                                    902 ;	watchdog-testing.c:77: EX1 = 1;   // enable INT1
                                    903 ;	assignBit
      00008E D2 AA            [12]  904 	setb	_EX1
                                    905 ;	watchdog-testing.c:78: }
      000090 22               [24]  906 	ret
                                    907 ;------------------------------------------------------------
                                    908 ;Allocation info for local variables in function 'blink_led'
                                    909 ;------------------------------------------------------------
                                    910 ;t             Allocated to registers r6 r7 
                                    911 ;phase         Allocated to registers r4 r5 
                                    912 ;------------------------------------------------------------
                                    913 ;	watchdog-testing.c:79: void blink_led(unsigned int t) {
                                    914 ;	-----------------------------------------
                                    915 ;	 function blink_led
                                    916 ;	-----------------------------------------
      000091                        917 _blink_led:
      000091 AE 82            [24]  918 	mov	r6, dpl
      000093 AF 83            [24]  919 	mov	r7, dph
                                    920 ;	watchdog-testing.c:80: unsigned int phase = t - blink_base;
      000095 EE               [12]  921 	mov	a,r6
      000096 C3               [12]  922 	clr	c
      000097 95*0C            [12]  923 	subb	a,_blink_base
      000099 FC               [12]  924 	mov	r4,a
      00009A EF               [12]  925 	mov	a,r7
      00009B 95*0D            [12]  926 	subb	a,(_blink_base + 1)
      00009D FD               [12]  927 	mov	r5,a
                                    928 ;	watchdog-testing.c:82: if (phase < 30) {
      00009E C3               [12]  929 	clr	c
      00009F EC               [12]  930 	mov	a,r4
      0000A0 94 1E            [12]  931 	subb	a,#0x1e
      0000A2 ED               [12]  932 	mov	a,r5
      0000A3 94 00            [12]  933 	subb	a,#0x00
      0000A5 50 04            [24]  934 	jnc	00105$
                                    935 ;	watchdog-testing.c:83: P3 |= (1 << 0);
      0000A7 43 B0 01         [24]  936 	orl	_P3,#0x01
      0000AA 22               [24]  937 	ret
      0000AB                        938 00105$:
                                    939 ;	watchdog-testing.c:84: } else if (phase < 60) {
      0000AB C3               [12]  940 	clr	c
      0000AC EC               [12]  941 	mov	a,r4
      0000AD 94 3C            [12]  942 	subb	a,#0x3c
      0000AF ED               [12]  943 	mov	a,r5
      0000B0 94 00            [12]  944 	subb	a,#0x00
      0000B2 50 04            [24]  945 	jnc	00102$
                                    946 ;	watchdog-testing.c:85: P3 &= ~(1 << 0);
      0000B4 53 B0 FE         [24]  947 	anl	_P3,#0xfe
      0000B7 22               [24]  948 	ret
      0000B8                        949 00102$:
                                    950 ;	watchdog-testing.c:87: blink_base = t;
      0000B8 8E*0C            [24]  951 	mov	_blink_base,r6
      0000BA 8F*0D            [24]  952 	mov	(_blink_base + 1),r7
                                    953 ;	watchdog-testing.c:88: wdtCounter++; 
      0000BC AE*04            [24]  954 	mov	r6,_wdtCounter
      0000BE AF*05            [24]  955 	mov	r7,(_wdtCounter + 1)
      0000C0 74 01            [12]  956 	mov	a,#0x01
      0000C2 2E               [12]  957 	add	a, r6
      0000C3 F5*04            [12]  958 	mov	_wdtCounter,a
      0000C5 E4               [12]  959 	clr	a
      0000C6 3F               [12]  960 	addc	a, r7
      0000C7 F5*05            [12]  961 	mov	(_wdtCounter + 1),a
                                    962 ;	watchdog-testing.c:90: }
      0000C9 22               [24]  963 	ret
                                    964 ;------------------------------------------------------------
                                    965 ;Allocation info for local variables in function 'main'
                                    966 ;------------------------------------------------------------
                                    967 ;	watchdog-testing.c:92: void main(void) {
                                    968 ;	-----------------------------------------
                                    969 ;	 function main
                                    970 ;	-----------------------------------------
      0000CA                        971 _main:
                                    972 ;	watchdog-testing.c:93: clock_init();
      0000CA 12r00r00         [24]  973 	lcall	_clock_init
                                    974 ;	watchdog-testing.c:94: extint1_init();
      0000CD 12r00r8C         [24]  975 	lcall	_extint1_init
                                    976 ;	watchdog-testing.c:95: timer0_init();  
      0000D0 12r00r71         [24]  977 	lcall	_timer0_init
                                    978 ;	watchdog-testing.c:99: P3_MOD_OC &= ~(1 << 0);   // push-pull
      0000D3 53 96 FE         [24]  979 	anl	_P3_MOD_OC,#0xfe
                                    980 ;	watchdog-testing.c:100: P3_DIR_PU |=  (1 << 0);   // enable strong output drive
      0000D6 43 97 01         [24]  981 	orl	_P3_DIR_PU,#0x01
                                    982 ;	watchdog-testing.c:103: P3_MOD_OC &= ~(1 << 3);   // normal input
      0000D9 53 96 F7         [24]  983 	anl	_P3_MOD_OC,#0xf7
                                    984 ;	watchdog-testing.c:104: P3_DIR_PU |=  (1 << 3);   // enable pull-up
      0000DC 43 97 08         [24]  985 	orl	_P3_DIR_PU,#0x08
                                    986 ;	watchdog-testing.c:105: P3 |= (1 << 3);           // pull-up
      0000DF 43 B0 08         [24]  987 	orl	_P3,#0x08
                                    988 ;	watchdog-testing.c:107: P3 &= ~(1 << 0);  // Make LED pin P3.0 "start" as OFF
      0000E2 53 B0 FE         [24]  989 	anl	_P3,#0xfe
                                    990 ;	watchdog-testing.c:109: while (1) {
      0000E5                        991 00120$:
                                    992 ;	watchdog-testing.c:111: if (!wdt_started && tick_10ms > 50) {  // wait ~500ms
      0000E5 20*03 18         [24]  993 	jb	_wdt_started,00102$
      0000E8 C3               [12]  994 	clr	c
      0000E9 74 32            [12]  995 	mov	a,#0x32
      0000EB 95*00            [12]  996 	subb	a,_tick_10ms
      0000ED E4               [12]  997 	clr	a
      0000EE 95*01            [12]  998 	subb	a,(_tick_10ms + 1)
      0000F0 50 0E            [24]  999 	jnc	00102$
                                   1000 ;	watchdog-testing.c:112: SAFE_MOD = 0x55;
      0000F2 75 A1 55         [24] 1001 	mov	_SAFE_MOD,#0x55
                                   1002 ;	watchdog-testing.c:113: SAFE_MOD = 0xAA;
      0000F5 75 A1 AA         [24] 1003 	mov	_SAFE_MOD,#0xaa
                                   1004 ;	watchdog-testing.c:114: GLOBAL_CFG |= bWDOG_EN;
      0000F8 43 B1 01         [24] 1005 	orl	_GLOBAL_CFG,#0x01
                                   1006 ;	watchdog-testing.c:115: SAFE_MOD = 0x00;
      0000FB 75 A1 00         [24] 1007 	mov	_SAFE_MOD,#0x00
                                   1008 ;	watchdog-testing.c:117: wdt_started = 1;
                                   1009 ;	assignBit
      0000FE D2*03            [12] 1010 	setb	_wdt_started
      000100                       1011 00102$:
                                   1012 ;	watchdog-testing.c:120: if (wdtCounter < 5) {
      000100 C3               [12] 1013 	clr	c
      000101 E5*04            [12] 1014 	mov	a,_wdtCounter
      000103 94 05            [12] 1015 	subb	a,#0x05
      000105 E5*05            [12] 1016 	mov	a,(_wdtCounter + 1)
      000107 94 00            [12] 1017 	subb	a,#0x00
      000109 50 03            [24] 1018 	jnc	00105$
                                   1019 ;	watchdog-testing.c:121: WDOG_COUNT = 0x01;   // feed normally
      00010B 75 FF 01         [24] 1020 	mov	_WDOG_COUNT,#0x01
      00010E                       1021 00105$:
                                   1022 ;	watchdog-testing.c:123: EA = 0;
                                   1023 ;	assignBit
      00010E C2 AF            [12] 1024 	clr	_EA
                                   1025 ;	watchdog-testing.c:124: t = tick_10ms;
      000110 85*00*0A         [24] 1026 	mov	_t,_tick_10ms
      000113 85*01*0B         [24] 1027 	mov	(_t + 1),(_tick_10ms + 1)
                                   1028 ;	watchdog-testing.c:125: EA = 1;
                                   1029 ;	assignBit
      000116 D2 AF            [12] 1030 	setb	_EA
                                   1031 ;	watchdog-testing.c:127: if (button_irq && debounce) {
      000118 30*00 13         [24] 1032 	jnb	_button_irq,00110$
      00011B 30*01 10         [24] 1033 	jnb	_debounce,00110$
                                   1034 ;	watchdog-testing.c:128: button_irq = 0;
                                   1035 ;	assignBit
      00011E C2*00            [12] 1036 	clr	_button_irq
                                   1037 ;	watchdog-testing.c:130: if (ledON == 0) {
      000120 20*02 09         [24] 1038 	jb	_ledON,00107$
                                   1039 ;	watchdog-testing.c:131: ledON = 1;
                                   1040 ;	assignBit
      000123 D2*02            [12] 1041 	setb	_ledON
                                   1042 ;	watchdog-testing.c:132: wdtCounter = 0;
      000125 E4               [12] 1043 	clr	a
      000126 F5*04            [12] 1044 	mov	_wdtCounter,a
      000128 F5*05            [12] 1045 	mov	(_wdtCounter + 1),a
      00012A 80 02            [24] 1046 	sjmp	00110$
      00012C                       1047 00107$:
                                   1048 ;	watchdog-testing.c:134: ledON = 0;
                                   1049 ;	assignBit
      00012C C2*02            [12] 1050 	clr	_ledON
      00012E                       1051 00110$:
                                   1052 ;	watchdog-testing.c:138: if (ledON) {
      00012E 30*02 09         [24] 1053 	jnb	_ledON,00113$
                                   1054 ;	watchdog-testing.c:139: blink_led(t);            
      000131 85*0A 82         [24] 1055 	mov	dpl, _t
      000134 85*0B 83         [24] 1056 	mov	dph, (_t + 1)
      000137 12r00r91         [24] 1057 	lcall	_blink_led
      00013A                       1058 00113$:
                                   1059 ;	watchdog-testing.c:143: if (wdtCounter >= 5) {
      00013A C3               [12] 1060 	clr	c
      00013B E5*04            [12] 1061 	mov	a,_wdtCounter
      00013D 94 05            [12] 1062 	subb	a,#0x05
      00013F E5*05            [12] 1063 	mov	a,(_wdtCounter + 1)
      000141 94 00            [12] 1064 	subb	a,#0x00
      000143 40 A0            [24] 1065 	jc	00120$
                                   1066 ;	watchdog-testing.c:144: SAFE_MOD = 0x55;
      000145 75 A1 55         [24] 1067 	mov	_SAFE_MOD,#0x55
                                   1068 ;	watchdog-testing.c:145: SAFE_MOD = 0xAA;
      000148 75 A1 AA         [24] 1069 	mov	_SAFE_MOD,#0xaa
                                   1070 ;	watchdog-testing.c:146: USB_CTRL = 0x00;
      00014B 75 E2 00         [24] 1071 	mov	_USB_CTRL,#0x00
                                   1072 ;	watchdog-testing.c:147: SAFE_MOD = 0x00;
      00014E 75 A1 00         [24] 1073 	mov	_SAFE_MOD,#0x00
                                   1074 ;	watchdog-testing.c:148: EA = 0;
                                   1075 ;	assignBit
      000151 C2 AF            [12] 1076 	clr	_EA
                                   1077 ;	watchdog-testing.c:149: while (1) { __asm nop __endasm; }
      000153                       1078 00115$:
      000153 00               [12] 1079 	nop	
                                   1080 ;	watchdog-testing.c:152: }
      000154 80 FD            [24] 1081 	sjmp	00115$
                                   1082 	.area CSEG    (CODE)
                                   1083 	.area CONST   (CODE)
                                   1084 	.area XINIT   (CODE)
                                   1085 	.area CABS    (ABS,CODE)
